../Core/Src/main.c:157:9:I2C_ReadReg	1
../Core/Src/main.c:161:9:I2C_WriteReg	1
../Core/Src/main.c:165:9:I2C_ReadRegs	1
D:\learning\STM32CubeIDE_1.19.0\STM32CubeIDE\plugins\com.st.stm32cube.ide.mcu.externaltools.gnu-tools-for-stm32.13.3.rel1.win32_1.0.0.202411081344\tools\bin/../lib/gcc/arm-none-eabi/13.3.1/../../../../arm-none-eabi/include/stdio.h:220:5:fputc	1
../Core/Src/main.c:176:6:I2C_RecoverBus	2
../Core/Src/main.c:210:6:I2C_Init	1
../Core/Src/main.c:235:6:I2C_Scan	4
../Core/Src/main.c:258:9:ICM20600_Check	5
../Core/Src/main.c:284:9:ICM20600_Init	3
../Core/Src/main.c:318:19:ICM20600_ReadAccel	2
../Core/Src/main.c:331:19:ICM20600_ReadGyro	2
../Core/Src/main.c:344:19:ICM20600_ReadTemp	2
../Core/Src/main.c:356:9:AK09918_Check	4
../Core/Src/main.c:374:9:AK09918_Init	3
../Core/Src/main.c:433:9:AK09918_ReadMag	7
../Core/Src/main.c:466:9:IMU_Init	5
../Core/Src/main.c:497:9:IMU_ReadAll	4
../Core/Src/main.c:510:6:CalculateAttitude	3
../Core/Src/main.c:544:6:PrintAttitude	1
../Core/Src/main.c:552:6:Print_GPIO_Status	1
../Core/Src/main.c:577:13:Set_Roll_Motor	5
../Core/Src/main.c:600:13:Set_Pitch_Motor	5
../Core/Src/main.c:624:13:Control_Roll	9
../Core/Src/main.c:658:13:Control_Pitch	9
../Core/Src/main.c:697:5:main	5
../Core/Src/main.c:789:6:SystemClock_Config	3
../Core/Src/main.c:835:13:MX_I2C1_Init	2
../Core/Src/main.c:869:13:MX_TIM1_Init	7
../Core/Src/main.c:944:13:MX_TIM3_Init	4
../Core/Src/main.c:993:13:MX_USART2_UART_Init	2
../Core/Src/main.c:1026:13:MX_GPIO_Init	1
../Core/Src/main.c:1061:6:Error_Handler	1
