../Core/Src/main.c:134:5:main	32
../Core/Src/main.c:497:6:SystemClock_Config	3
../Core/Src/main.c:544:13:MX_ADC1_Init	3
../Core/Src/main.c:601:13:MX_I2C1_Init	2
../Core/Src/main.c:635:13:MX_I2C2_Init	2
../Core/Src/main.c:669:13:MX_RTC_Init	4
../Core/Src/main.c:732:13:MX_SDIO_SD_Init	1
../Core/Src/main.c:760:13:MX_TIM1_Init	6
../Core/Src/main.c:829:13:MX_TIM2_Init	4
../Core/Src/main.c:874:13:MX_USART2_UART_Init	2
../Core/Src/main.c:907:13:MX_USART3_UART_Init	2
../Core/Src/main.c:940:13:MX_GPIO_Init	1
../Core/Src/main.c:1018:6:ESP32_Process_Data	3
../Core/Src/main.c:1042:6:send_log	1
../Core/Src/main.c:1052:6:get_simulated_sensors	4
../Core/Src/main.c:1085:6:process_serial_command	6
../Core/Src/main.c:1117:6:HAL_UART_RxCpltCallback	14
../Core/Src/main.c:1194:6:Error_Handler	1
