../Core/Src/main.c:95:5:main	472	static
../Core/Src/main.c:314:6:SystemClock_Config	88	static
../Core/Src/main.c:360:13:MX_ADC1_Init	24	static
../Core/Src/main.c:412:13:MX_I2C1_Init	8	static
../Core/Src/main.c:446:13:MX_TIM2_Init	40	static
../Core/Src/main.c:491:13:MX_USART2_UART_Init	8	static
../Core/Src/main.c:524:13:MX_GPIO_Init	48	static
../Core/Src/main.c:578:6:send_log	16	static
../Core/Src/main.c:588:6:get_simulated_sensors	24	static
../Core/Src/main.c:621:6:process_serial_command	16	static
../Core/Src/main.c:653:6:HAL_UART_RxCpltCallback	16	static
../Core/Src/main.c:684:6:Error_Handler	4	static,ignoring_inline_asm
