../Core/Src/main.c:86:5:main	8	static
../Core/Src/main.c:137:6:SystemClock_Config	88	static
../Core/Src/main.c:183:13:MX_ADC1_Init	24	static
../Core/Src/main.c:235:13:MX_I2C1_Init	8	static
../Core/Src/main.c:269:13:MX_TIM2_Init	40	static
../Core/Src/main.c:314:13:MX_TIM1_Init	96	static
../Core/Src/main.c:365:13:MX_USART2_UART_Init	8	static
../Core/Src/main.c:398:13:MX_GPIO_Init	48	static
../Core/Src/main.c:464:6:send_log	16	static
../Core/Src/main.c:474:6:get_simulated_sensors	24	static
../Core/Src/main.c:507:6:process_serial_command	16	static
../Core/Src/main.c:539:6:HAL_UART_RxCpltCallback	16	static
../Core/Src/main.c:570:6:Error_Handler	4	static,ignoring_inline_asm
