Archive member included to satisfy reference by file (symbol)

/opt/st/stm32cubeide_1.19.0_3/plugins/com.st.stm32cube.ide.mcu.externaltools.gnu-tools-for-stm32.13.3.rel1.linux64_1.0.0.202410170706/tools/bin/../lib/gcc/arm-none-eabi/13.3.1/../../../../arm-none-eabi/lib/thumb/v7e-m+fp/hard/libc_nano.a(libc_a-exit.o)
                              /opt/st/stm32cubeide_1.19.0_3/plugins/com.st.stm32cube.ide.mcu.externaltools.gnu-tools-for-stm32.13.3.rel1.linux64_1.0.0.202410170706/tools/bin/../lib/gcc/arm-none-eabi/13.3.1/../../../../arm-none-eabi/lib/thumb/v7e-m+fp/hard/crt0.o (exit)
/opt/st/stm32cubeide_1.19.0_3/plugins/com.st.stm32cube.ide.mcu.externaltools.gnu-tools-for-stm32.13.3.rel1.linux64_1.0.0.202410170706/tools/bin/../lib/gcc/arm-none-eabi/13.3.1/../../../../arm-none-eabi/lib/thumb/v7e-m+fp/hard/libc_nano.a(libc_a-rand.o)
                              ./Core/Src/main.o (srand)
/opt/st/stm32cubeide_1.19.0_3/plugins/com.st.stm32cube.ide.mcu.externaltools.gnu-tools-for-stm32.13.3.rel1.linux64_1.0.0.202410170706/tools/bin/../lib/gcc/arm-none-eabi/13.3.1/../../../../arm-none-eabi/lib/thumb/v7e-m+fp/hard/libc_nano.a(libc_a-findfp.o)
                              /opt/st/stm32cubeide_1.19.0_3/plugins/com.st.stm32cube.ide.mcu.externaltools.gnu-tools-for-stm32.13.3.rel1.linux64_1.0.0.202410170706/tools/bin/../lib/gcc/arm-none-eabi/13.3.1/../../../../arm-none-eabi/lib/thumb/v7e-m+fp/hard/libc_nano.a(libc_a-exit.o) (__stdio_exit_handler)
/opt/st/stm32cubeide_1.19.0_3/plugins/com.st.stm32cube.ide.mcu.externaltools.gnu-tools-for-stm32.13.3.rel1.linux64_1.0.0.202410170706/tools/bin/../lib/gcc/arm-none-eabi/13.3.1/../../../../arm-none-eabi/lib/thumb/v7e-m+fp/hard/libc_nano.a(libc_a-fwalk.o)
                              /opt/st/stm32cubeide_1.19.0_3/plugins/com.st.stm32cube.ide.mcu.externaltools.gnu-tools-for-stm32.13.3.rel1.linux64_1.0.0.202410170706/tools/bin/../lib/gcc/arm-none-eabi/13.3.1/../../../../arm-none-eabi/lib/thumb/v7e-m+fp/hard/libc_nano.a(libc_a-findfp.o) (_fwalk_sglue)
/opt/st/stm32cubeide_1.19.0_3/plugins/com.st.stm32cube.ide.mcu.externaltools.gnu-tools-for-stm32.13.3.rel1.linux64_1.0.0.202410170706/tools/bin/../lib/gcc/arm-none-eabi/13.3.1/../../../../arm-none-eabi/lib/thumb/v7e-m+fp/hard/libc_nano.a(libc_a-snprintf.o)
                              ./Core/Src/main.o (snprintf)
/opt/st/stm32cubeide_1.19.0_3/plugins/com.st.stm32cube.ide.mcu.externaltools.gnu-tools-for-stm32.13.3.rel1.linux64_1.0.0.202410170706/tools/bin/../lib/gcc/arm-none-eabi/13.3.1/../../../../arm-none-eabi/lib/thumb/v7e-m+fp/hard/libc_nano.a(libc_a-stdio.o)
                              /opt/st/stm32cubeide_1.19.0_3/plugins/com.st.stm32cube.ide.mcu.externaltools.gnu-tools-for-stm32.13.3.rel1.linux64_1.0.0.202410170706/tools/bin/../lib/gcc/arm-none-eabi/13.3.1/../../../../arm-none-eabi/lib/thumb/v7e-m+fp/hard/libc_nano.a(libc_a-findfp.o) (__sread)
/opt/st/stm32cubeide_1.19.0_3/plugins/com.st.stm32cube.ide.mcu.externaltools.gnu-tools-for-stm32.13.3.rel1.linux64_1.0.0.202410170706/tools/bin/../lib/gcc/arm-none-eabi/13.3.1/../../../../arm-none-eabi/lib/thumb/v7e-m+fp/hard/libc_nano.a(libc_a-memset.o)
                              /opt/st/stm32cubeide_1.19.0_3/plugins/com.st.stm32cube.ide.mcu.externaltools.gnu-tools-for-stm32.13.3.rel1.linux64_1.0.0.202410170706/tools/bin/../lib/gcc/arm-none-eabi/13.3.1/../../../../arm-none-eabi/lib/thumb/v7e-m+fp/hard/crt0.o (memset)
/opt/st/stm32cubeide_1.19.0_3/plugins/com.st.stm32cube.ide.mcu.externaltools.gnu-tools-for-stm32.13.3.rel1.linux64_1.0.0.202410170706/tools/bin/../lib/gcc/arm-none-eabi/13.3.1/../../../../arm-none-eabi/lib/thumb/v7e-m+fp/hard/libc_nano.a(libc_a-closer.o)
                              /opt/st/stm32cubeide_1.19.0_3/plugins/com.st.stm32cube.ide.mcu.externaltools.gnu-tools-for-stm32.13.3.rel1.linux64_1.0.0.202410170706/tools/bin/../lib/gcc/arm-none-eabi/13.3.1/../../../../arm-none-eabi/lib/thumb/v7e-m+fp/hard/libc_nano.a(libc_a-stdio.o) (_close_r)
/opt/st/stm32cubeide_1.19.0_3/plugins/com.st.stm32cube.ide.mcu.externaltools.gnu-tools-for-stm32.13.3.rel1.linux64_1.0.0.202410170706/tools/bin/../lib/gcc/arm-none-eabi/13.3.1/../../../../arm-none-eabi/lib/thumb/v7e-m+fp/hard/libc_nano.a(libc_a-reent.o)
                              /opt/st/stm32cubeide_1.19.0_3/plugins/com.st.stm32cube.ide.mcu.externaltools.gnu-tools-for-stm32.13.3.rel1.linux64_1.0.0.202410170706/tools/bin/../lib/gcc/arm-none-eabi/13.3.1/../../../../arm-none-eabi/lib/thumb/v7e-m+fp/hard/libc_nano.a(libc_a-closer.o) (errno)
/opt/st/stm32cubeide_1.19.0_3/plugins/com.st.stm32cube.ide.mcu.externaltools.gnu-tools-for-stm32.13.3.rel1.linux64_1.0.0.202410170706/tools/bin/../lib/gcc/arm-none-eabi/13.3.1/../../../../arm-none-eabi/lib/thumb/v7e-m+fp/hard/libc_nano.a(libc_a-impure.o)
[...]
Memory Configuration

Name             Origin             Length             Attributes
CCMRAM           0x10000000         0x00010000         xrw
RAM              0x20000000         0x00020000         xrw
FLASH            0x08000000         0x00080000         xr
*default*        0x00000000         0xffffffff

Linker script and memory map

LOAD /opt/st/stm32cubeide_1.19.0_3/plugins/com.st.stm32cube.ide.mcu.externaltools.gnu-tools-for-stm32.13.3.rel1.linux64_1.0.0.202410170706/tools/bin/../lib/gcc/arm-none-eabi/13.3.1/thumb/v7e-m+fp/hard/crti.o
LOAD /opt/st/stm32cubeide_1.19.0_3/plugins/com.st.stm32cube.ide.mcu.externaltools.gnu-tools-for-stm32.13.3.rel1.linux64_1.0.0.202410170706/tools/bin/../lib/gcc/arm-none-eabi/13.3.1/thumb/v7e-m+fp/hard/crtbegin.o
LOAD /opt/st/stm32cubeide_1.19.0_3/plugins/com.st.stm32cube.ide.mcu.externaltools.gnu-tools-for-stm32.13.3.rel1.linux64_1.0.0.202410170706/tools/bin/../lib/gcc/arm-none-eabi/13.3.1/../../../../arm-none-eabi/lib/thumb/v7e-m+fp/hard/crt0.o
LOAD ./Core/Src/main.o
LOAD ./Core/Src/stm32f4xx_hal_msp.o
LOAD ./Core/Src/stm32f4xx_it.o
LOAD ./Core/Src/syscalls.o
LOAD ./Core/Src/sysmem.o
LOAD ./Core/Src/system_stm32f4xx.o
LOAD ./Core/Startup/startup_stm32f407vetx.o
LOAD ./Drivers/STM32F4xx_HAL_Driver/Src/stm32f4xx_hal.o
LOAD ./Drivers/STM32F4xx_HAL_Driver/Src/stm32f4xx_hal_adc.o
LOAD ./Drivers/STM32F4xx_HAL_Driver/Src/stm32f4xx_hal_adc_ex.o
LOAD ./Drivers/STM32F4xx_HAL_Driver/Src/stm32f4xx_hal_cortex.o
LOAD ./Drivers/STM32F4xx_HAL_Driver/Src/stm32f4xx_hal_dma.o
LOAD ./Drivers/STM32F4xx_HAL_Driver/Src/stm32f4xx_hal_dma_ex.o
LOAD ./Drivers/STM32F4xx_HAL_Driver/Src/stm32f4xx_hal_exti.o
LOAD ./Drivers/STM32F4xx_HAL_Driver/Src/stm32f4xx_hal_flash.o
LOAD ./Drivers/STM32F4xx_HAL_Driver/Src/stm32f4xx_hal_flash_ex.o
LOAD ./Drivers/STM32F4xx_HAL_Driver/Src/stm32f4xx_hal_flash_ramfunc.o
LOAD ./Drivers/STM32F4xx_HAL_Driver/Src/stm32f4xx_hal_gpio.o
LOAD ./Drivers/STM32F4xx_HAL_Driver/Src/stm32f4xx_hal_i2c.o
LOAD ./Drivers/STM32F4xx_HAL_Driver/Src/stm32f4xx_hal_i2c_ex.o
LOAD ./Drivers/STM32F4xx_HAL_Driver/Src/stm32f4xx_hal_pcd.o
LOAD ./Drivers/STM32F4xx_HAL_Driver/Src/stm32f4xx_hal_pcd_ex.o
LOAD ./Drivers/STM32F4xx_HAL_Driver/Src/stm32f4xx_hal_pwr.o
LOAD ./Drivers/STM32F4xx_HAL_Driver/Src/stm32f4xx_hal_pwr_ex.o
LOAD ./Drivers/STM32F4xx_HAL_Driver/Src/stm32f4xx_hal_rcc.o
LOAD ./Drivers/STM32F4xx_HAL_Driver/Src/stm32f4xx_hal_rcc_ex.o
LOAD ./Drivers/STM32F4xx_HAL_Driver/Src/stm32f4xx_hal_tim.o
LOAD ./Drivers/STM32F4xx_HAL_Driver/Src/stm32f4xx_hal_tim_ex.o
LOAD ./Drivers/STM32F4xx_HAL_Driver/Src/stm32f4xx_hal_uart.o
LOAD ./Drivers/STM32F4xx_HAL_Driver/Src/stm32f4xx_ll_adc.o
LOAD ./Drivers/STM32F4xx_HAL_Driver/Src/stm32f4xx_ll_usb.o
LOAD ./Middlewares/ST/STM32_USB_Device_Library/Class/CDC/Src/usbd_cdc.o
LOAD ./Middlewares/ST/STM32_USB_Device_Library/Core/Src/usbd_core.o
LOAD ./Middlewares/ST/STM32_USB_Device_Library/Core/Src/usbd_ctlreq.o
LOAD ./Middlewares/ST/STM32_USB_Device_Library/Core/Src/usbd_ioreq.o
LOAD ./USB_DEVICE/App/usb_device.o
LOAD ./USB_DEVICE/App/usbd_cdc_if.o
LOAD ./USB_DEVICE/App/usbd_desc.o
LOAD ./USB_DEVICE/Target/usbd_conf.o
START GROUP
LOAD /opt/st/stm32cubeide_1.19.0_3/plugins/com.st.stm32cube.ide.mcu.externaltools.gnu-tools-for-stm32.13.3.rel1.linux64_1.0.0.202410170706/tools/bin/../lib/gcc/arm-none-eabi/13.3.1/../../../../arm-none-eabi/lib/thumb/v7e-m+fp/hard/libc_nano.a
LOAD /opt/st/stm32cubeide_1.19.0_3/plugins/com.st.stm32cube.ide.mcu.externaltools.gnu-tools-for-stm32.13.3.rel1.linux64_1.0.0.202410170706/tools/bin/../lib/gcc/arm-none-eabi/13.3.1/../../../../arm-none-eabi/lib/thumb/v7e-m+fp/hard/libm.a
END GROUP
START GROUP
LOAD /opt/st/stm32cubeide_1.19.0_3/plugins/com.st.stm32cube.ide.mcu.externaltools.gnu-tools-for-stm32.13.3.rel1.linux64_1.0.0.202410170706/tools/bin/../lib/gcc/arm-none-eabi/13.3.1/thumb/v7e-m+fp/hard/libgcc.a
LOAD /opt/st/stm32cubeide_1.19.0_3/plugins/com.st.stm32cube.ide.mcu.externaltools.gnu-tools-for-stm32.13.3.rel1.linux64_1.0.0.202410170706/tools/bin/../lib/gcc/arm-none-eabi/13.3.1/../../../../arm-none-eabi/lib/thumb/v7e-m+fp/hard/libc_nano.a
END GROUP
START GROUP
LOAD /opt/st/stm32cubeide_1.19.0_3/plugins/com.st.stm32cube.ide.mcu.externaltools.gnu-tools-for-stm32.13.3.rel1.linux64_1.0.0.202410170706/tools/bin/../lib/gcc/arm-none-eabi/13.3.1/thumb/v7e-m+fp/hard/libgcc.a
LOAD /opt/st/stm32cubeide_1.19.0_3/plugins/com.st.stm32cube.ide.mcu.externaltools.gnu-tools-for-stm32.13.3.rel1.linux64_1.0.0.202410170706/tools/bin/../lib/gcc/arm-none-eabi/13.3.1/../../../../arm-none-eabi/lib/thumb/v7e-m+fp/hard/libc_nano.a
LOAD /opt/st/stm32cubeide_1.19.0_3/plugins/com.st.stm32cube.ide.mcu.externaltools.gnu-tools-for-stm32.13.3.rel1.linux64_1.0.0.202410170706/tools/bin/../lib/gcc/arm-none-eabi/13.3.1/../../../../arm-none-eabi/lib/thumb/v7e-m+fp/hard/libnosys.a
END GROUP
START GROUP
LOAD /opt/st/stm32cubeide_1.19.0_3/plugins/com.st.stm32cube.ide.mcu.externaltools.gnu-tools-for-stm32.13.3.rel1.linux64_1.0.0.202410170706/tools/bin/../lib/gcc/arm-none-eabi/13.3.1/thumb/v7e-m+fp/hard/libgcc.a
LOAD /opt/st/stm32cubeide_1.19.0_3/plugins/com.st.stm32cube.ide.mcu.externaltools.gnu-tools-for-stm32.13.3.rel1.linux64_1.0.0.202410170706/tools/bin/../lib/gcc/arm-none-eabi/13.3.1/../../../../arm-none-eabi/lib/thumb/v7e-m+fp/hard/libc_nano.a
LOAD /opt/st/stm32cubeide_1.19.0_3/plugins/com.st.stm32cube.ide.mcu.externaltools.gnu-tools-for-stm32.13.3.rel1.linux64_1.0.0.202410170706/tools/bin/../lib/gcc/arm-none-eabi/13.3.1/../../../../arm-none-eabi/lib/thumb/v7e-m+fp/hard/libnosys.a
END GROUP
LOAD /opt/st/stm32cubeide_1.19.0_3/plugins/com.st.stm32cube.ide.mcu.externaltools.gnu-tools-for-stm32.13.3.rel1.linux64_1.0.0.202410170706/tools/bin/../lib/gcc/arm-none-eabi/13.3.1/thumb/v7e-m+fp/hard/crtend.o
LOAD /opt/st/stm32cubeide_1.19.0_3/plugins/com.st.stm32cube.ide.mcu.externaltools.gnu-tools-for-stm32.13.3.rel1.linux64_1.0.0.202410170706/tools/bin/../lib/gcc/arm-none-eabi/13.3.1/thumb/v7e-m+fp/hard/crtn.o
                0x20020000                        _estack = (ORIGIN (RAM) + LENGTH (RAM))
                0x00000200                        _Min_Heap_Size = 0x200
                0x00000400                        _Min_Stack_Size = 0x400

.isr_vector     0x08000000      0x188
                0x08000000                        . = ALIGN (0x4)
 *(.isr_vector)
 .isr_vector    0x08000000      0x188 ./Core/Startup/startup_stm32f407vetx.o
                0x08000000                g_pfnVectors
                0x08000188                        . = ALIGN (0x4)

.text           0x08000190     0xc234
                0x08000190                        . = ALIGN (0x4)
 *(.text)
 .text          0x08000190       0x40 /opt/st/stm32cubeide_1.19.0_3/plugins/com.st.stm32cube.ide.mcu.externaltools.gnu-tools-for-stm32.13.3.rel1.linux64_1.0.0.202410170706/tools/bin/../lib/gcc/arm-none-eabi/13.3.1/thumb/v7e-m+fp/hard/crtbegin.o
 .text          0x080001d0       0x14 /opt/st/stm32cubeide_1.19.0_3/plugins/com.st.stm32cube.ide.mcu.externaltools.gnu-tools-for-stm32.13.3.rel1.linux64_1.0.0.202410170706/tools/bin/../lib/gcc/arm-none-eabi/13.3.1/../../../../arm-none-eabi/lib/thumb/v7e-m+fp/hard/libc_nano.a(libc_a-strcmp.o)
                0x080001d0                strcmp
 .text          0x080001e4       0x10 /opt/st/stm32cubeide_1.19.0_3/plugins/com.st.stm32cube.ide.mcu.externaltools.gnu-tools-for-stm32.13.3.rel1.linux64_1.0.0.202410170706/tools/bin/../lib/gcc/arm-none-eabi/13.3.1/../../../../arm-none-eabi/lib/thumb/v7e-m+fp/hard/libc_nano.a(libc_a-strlen.o)
                0x080001e4                strlen
 *fill*         0x080001f4        0xc 
 .text          0x08000200       0xa0 /opt/st/stm32cubeide_1.19.0_3/plugins/com.st.stm32cube.ide.mcu.externaltools.gnu-tools-for-stm32.13.3.rel1.linux64_1.0.0.202410170706/tools/bin/../lib/gcc/arm-none-eabi/13.3.1/../../../../arm-none-eabi/lib/thumb/v7e-m+fp/hard/libc_nano.a(libc_a-memchr.o)
                0x08000200                memchr
 .text          0x080002a0      0x378 /opt/st/stm32cubeide_1.19.0_3/plugins/com.st.stm32cube.ide.mcu.externaltools.gnu-tools-for-stm32.13.3.rel1.linux64_1.0.0.202410170706/tools/bin/../lib/gcc/arm-none-eabi/13.3.1/thumb/v7e-m+fp/hard/libgcc.a(_arm_addsubdf3.o)
                0x080002a0                __aeabi_drsub
                0x080002a8                __aeabi_dsub
                0x080002a8                __subdf3
                0x080002ac                __adddf3
                0x080002ac                __aeabi_dadd
                0x08000524                __aeabi_ui2d
                0x08000524                __floatunsidf
                0x08000544                __floatsidf
                0x08000544                __aeabi_i2d
                0x08000568                __extendsfdf2
                0x08000568                __aeabi_f2d
                0x080005ac                __aeabi_ul2d
                0x080005ac                __floatundidf
                0x080005bc                __floatdidf
                0x080005bc                __aeabi_l2d
 .text          0x08000618       0x30 /opt/st/stm32cubeide_1.19.0_3/plugins/com.st.stm32cube.ide.mcu.externaltools.gnu-tools-for-stm32.13.3.rel1.linux64_1.0.0.202410170706/tools/bin/../lib/gcc/arm-none-eabi/13.3.1/thumb/v7e-m+fp/hard/libgcc.a(_aeabi_uldivmod.o)
                0x08000618                __aeabi_uldivmod
 .text          0x08000648      0x2f8 /opt/st/stm32cubeide_1.19.0_3/plugins/com.st.stm32cube.ide.mcu.externaltools.gnu-tools-for-stm32.13.3.rel1.linux64_1.0.0.202410170706/tools/bin/../lib/gcc/arm-none-eabi/13.3.1/thumb/v7e-m+fp/hard/libgcc.a(_udivmoddi4.o)
                0x08000648                __udivmoddi4
 .text          0x08000940        0x4 /opt/st/stm32cubeide_1.19.0_3/plugins/com.st.stm32cube.ide.mcu.externaltools.gnu-tools-for-stm32.13.3.rel1.linux64_1.0.0.202410170706/tools/bin/../lib/gcc/arm-none-eabi/13.3.1/thumb/v7e-m+fp/hard/libgcc.a(_dvmd_tls.o)
                0x08000940                __aeabi_ldiv0
                0x08000940                __aeabi_idiv0
 *(.text*)
 .text.main     0x08000944      0x59c ./Core/Src/main.o
                0x08000944                main
 .text.SystemClock_Config
                0x08000ee0       0xd4 ./Core/Src/main.o
                0x08000ee0                SystemClock_Config
 .text.MX_ADC1_Init
                0x08000fb4       0xa4 ./Core/Src/main.o
 .text.MX_I2C1_Init
                0x08001058       0x5c ./Core/Src/main.o
 .text.MX_TIM2_Init
                0x080010b4       0xbc ./Core/Src/main.o
 .text.MX_USART2_UART_Init
                0x08001170       0x54 ./Core/Src/main.o
 .text.MX_GPIO_Init
                0x080011c4      0x108 ./Core/Src/main.o
 .text.send_log
                0x080012cc       0x22 ./Core/Src/main.o
                0x080012cc                send_log
 *fill*         0x080012ee        0x2 
 .text.get_simulated_sensors
                0x080012f0      0x148 ./Core/Src/main.o
                0x080012f0                get_simulated_sensors
 .text.process_serial_command
                0x08001438       0xa0 ./Core/Src/main.o
                0x08001438                process_serial_command
 .text.HAL_UART_RxCpltCallback
                0x080014d8       0x8c ./Core/Src/main.o
                0x080014d8                HAL_UART_RxCpltCallback
 .text.Error_Handler
                0x08001564        0xc ./Core/Src/main.o
                0x08001564                Error_Handler
 .text.HAL_MspInit
                0x08001570       0x50 ./Core/Src/stm32f4xx_hal_msp.o
                0x08001570                HAL_MspInit
 .text.HAL_ADC_MspInit
                0x080015c0       0x88 ./Core/Src/stm32f4xx_hal_msp.o
                0x080015c0                HAL_ADC_MspInit
 .text.HAL_I2C_MspInit
                0x08001648       0x90 ./Core/Src/stm32f4xx_hal_msp.o
                0x08001648                HAL_I2C_MspInit
 .text.HAL_TIM_Base_MspInit
                0x080016d8       0x40 ./Core/Src/stm32f4xx_hal_msp.o
                0x080016d8                HAL_TIM_Base_MspInit
 .text.HAL_UART_MspInit
                0x08001718       0xe0 ./Core/Src/stm32f4xx_hal_msp.o
                0x08001718                HAL_UART_MspInit
 .text.NMI_Handler
                0x080017f8        0x8 ./Core/Src/stm32f4xx_it.o
                0x080017f8                NMI_Handler
 .text.HardFault_Handler
                0x08001800        0x8 ./Core/Src/stm32f4xx_it.o
                0x08001800                HardFault_Handler
 .text.MemManage_Handler
                0x08001808        0x8 ./Core/Src/stm32f4xx_it.o
                0x08001808                MemManage_Handler
 .text.BusFault_Handler
                0x08001810        0x8 ./Core/Src/stm32f4xx_it.o
                0x08001810                BusFault_Handler
 .text.UsageFault_Handler
                0x08001818        0x8 ./Core/Src/stm32f4xx_it.o
                0x08001818                UsageFault_Handler
 .text.SVC_Handler
                0x08001820        0xe ./Core/Src/stm32f4xx_it.o
                0x08001820                SVC_Handler
 .text.DebugMon_Handler
                0x0800182e        0xe ./Core/Src/stm32f4xx_it.o
                0x0800182e                DebugMon_Handler
 .text.PendSV_Handler
                0x0800183c        0xe ./Core/Src/stm32f4xx_it.o
                0x0800183c                PendSV_Handler
 .text.SysTick_Handler
                0x0800184a        0xc ./Core/Src/stm32f4xx_it.o
                0x0800184a                SysTick_Handler
 *fill*         0x08001856        0x2 
 .text.USART2_IRQHandler
                0x08001858       0x14 ./Core/Src/stm32f4xx_it.o
                0x08001858                USART2_IRQHandler
 .text.OTG_FS_IRQHandler
                0x0800186c       0x14 ./Core/Src/stm32f4xx_it.o
                0x0800186c                OTG_FS_IRQHandler
 .text._getpid  0x08001880       0x10 ./Core/Src/syscalls.o
                0x08001880                _getpid
 .text._kill    0x08001890       0x20 ./Core/Src/syscalls.o
                0x08001890                _kill
 .text._exit    0x080018b0       0x16 ./Core/Src/syscalls.o
                0x080018b0                _exit
 .text._read    0x080018c6       0x3a ./Core/Src/syscalls.o
                0x080018c6                _read
 .text._write   0x08001900       0x38 ./Core/Src/syscalls.o
                0x08001900                _write
 .text._close   0x08001938       0x18 ./Core/Src/syscalls.o
                0x08001938                _close
 .text._fstat   0x08001950       0x20 ./Core/Src/syscalls.o
                0x08001950                _fstat
 .text._isatty  0x08001970       0x16 ./Core/Src/syscalls.o
                0x08001970                _isatty
 .text._lseek   0x08001986       0x1a ./Core/Src/syscalls.o
                0x08001986                _lseek
 .text._sbrk    0x080019a0       0x6c ./Core/Src/sysmem.o
                0x080019a0                _sbrk
 .text.SystemInit
                0x08001a0c       0x24 ./Core/Src/system_stm32f4xx.o
                0x08001a0c                SystemInit
 .text.Reset_Handler
                0x08001a30       0x50 ./Core/Startup/startup_stm32f407vetx.o
                0x08001a30                Reset_Handler
 .text.Default_Handler
                0x08001a80        0x2 ./Core/Startup/startup_stm32f407vetx.o
                0x08001a80                RTC_Alarm_IRQHandler
                0x08001a80                HASH_RNG_IRQHandler
                0x08001a80                EXTI2_IRQHandler
                0x08001a80                TIM8_CC_IRQHandler
                0x08001a80                TIM1_CC_IRQHandler
                0x08001a80                DMA2_Stream5_IRQHandler
                0x08001a80                DMA1_Stream5_IRQHandler
                0x08001a80                PVD_IRQHandler
                0x08001a80                SDIO_IRQHandler
                0x08001a80                TAMP_STAMP_IRQHandler
                0x08001a80                CAN2_RX1_IRQHandler
                0x08001a80                EXTI3_IRQHandler
                0x08001a80                TIM8_TRG_COM_TIM14_IRQHandler
                0x08001a80                TIM1_UP_TIM10_IRQHandler
                0x08001a80                TIM8_UP_TIM13_IRQHandler
                0x08001a80                I2C3_ER_IRQHandler
                0x08001a80                EXTI0_IRQHandler
                0x08001a80                I2C2_EV_IRQHandler
                0x08001a80                DMA1_Stream2_IRQHandler
                0x08001a80                CAN1_RX0_IRQHandler
                0x08001a80                FPU_IRQHandler
                0x08001a80                OTG_HS_WKUP_IRQHandler
                0x08001a80                CAN2_SCE_IRQHandler
                0x08001a80                DMA2_Stream2_IRQHandler
                0x08001a80                SPI1_IRQHandler
                0x08001a80                TIM6_DAC_IRQHandler
                0x08001a80                TIM1_BRK_TIM9_IRQHandler
                0x08001a80                DCMI_IRQHandler
                0x08001a80                CAN2_RX0_IRQHandler
                0x08001a80                DMA2_Stream3_IRQHandler
                0x08001a80                USART6_IRQHandler
                0x08001a80                USART3_IRQHandler
                0x08001a80                CAN1_RX1_IRQHandler
                0x08001a80                UART5_IRQHandler
                0x08001a80                DMA2_Stream0_IRQHandler
                0x08001a80                TIM4_IRQHandler
                0x08001a80                I2C1_EV_IRQHandler
                0x08001a80                DMA1_Stream6_IRQHandler
                0x08001a80                DMA1_Stream1_IRQHandler
                0x08001a80                UART4_IRQHandler
                0x08001a80                TIM3_IRQHandler
                0x08001a80                RCC_IRQHandler
                0x08001a80                TIM8_BRK_TIM12_IRQHandler
                0x08001a80                Default_Handler
                0x08001a80                EXTI15_10_IRQHandler
                0x08001a80                ADC_IRQHandler
                0x08001a80                DMA1_Stream7_IRQHandler
                0x08001a80                TIM7_IRQHandler
                0x08001a80                CAN2_TX_IRQHandler
                0x08001a80                TIM5_IRQHandler
                0x08001a80                DMA2_Stream7_IRQHandler
                0x08001a80                I2C3_EV_IRQHandler
                0x08001a80                EXTI9_5_IRQHandler
                0x08001a80                RTC_WKUP_IRQHandler
                0x08001a80                ETH_WKUP_IRQHandler
                0x08001a80                SPI2_IRQHandler
                0x08001a80                OTG_HS_EP1_IN_IRQHandler
                0x08001a80                DMA1_Stream0_IRQHandler
                0x08001a80                CAN1_TX_IRQHandler
                0x08001a80                EXTI4_IRQHandler
                0x08001a80                FSMC_IRQHandler
                0x08001a80                ETH_IRQHandler
                0x08001a80                OTG_HS_EP1_OUT_IRQHandler
                0x08001a80                WWDG_IRQHandler
                0x08001a80                TIM2_IRQHandler
                0x08001a80                OTG_FS_WKUP_IRQHandler
                0x08001a80                TIM1_TRG_COM_TIM11_IRQHandler
                0x08001a80                OTG_HS_IRQHandler
                0x08001a80                EXTI1_IRQHandler
                0x08001a80                I2C2_ER_IRQHandler
                0x08001a80                DMA2_Stream1_IRQHandler
                0x08001a80                CAN1_SCE_IRQHandler
                0x08001a80                FLASH_IRQHandler
                0x08001a80                DMA2_Stream4_IRQHandler
                0x08001a80                USART1_IRQHandler
                0x08001a80                SPI3_IRQHandler
                0x08001a80                DMA1_Stream4_IRQHandler
                0x08001a80                I2C1_ER_IRQHandler
                0x08001a80                DMA2_Stream6_IRQHandler
                0x08001a80                DMA1_Stream3_IRQHandler
 *fill*         0x08001a82        0x2 
 .text.HAL_Init
                0x08001a84       0x44 ./Drivers/STM32F4xx_HAL_Driver/Src/stm32f4xx_hal.o
                0x08001a84                HAL_Init
 .text.HAL_InitTick
                0x08001ac8       0x60 ./Drivers/STM32F4xx_HAL_Driver/Src/stm32f4xx_hal.o
                0x08001ac8                HAL_InitTick
 .text.HAL_IncTick
                0x08001b28       0x28 ./Drivers/STM32F4xx_HAL_Driver/Src/stm32f4xx_hal.o
                0x08001b28                HAL_IncTick
 .text.HAL_GetTick
                0x08001b50       0x18 ./Drivers/STM32F4xx_HAL_Driver/Src/stm32f4xx_hal.o
                0x08001b50                HAL_GetTick
 .text.HAL_Delay
                0x08001b68       0x48 ./Drivers/STM32F4xx_HAL_Driver/Src/stm32f4xx_hal.o
                0x08001b68                HAL_Delay
 .text.HAL_ADC_Init
                0x08001bb0       0x86 ./Drivers/STM32F4xx_HAL_Driver/Src/stm32f4xx_hal_adc.o
                0x08001bb0                HAL_ADC_Init
 *fill*         0x08001c36        0x2 
 .text.HAL_ADC_Start
                0x08001c38      0x1a4 ./Drivers/STM32F4xx_HAL_Driver/Src/stm32f4xx_hal_adc.o
                0x08001c38                HAL_ADC_Start
 .text.HAL_ADC_Stop
                0x08001ddc       0x66 ./Drivers/STM32F4xx_HAL_Driver/Src/stm32f4xx_hal_adc.o
                0x08001ddc                HAL_ADC_Stop
 .text.HAL_ADC_PollForConversion
                0x08001e42      0x116 ./Drivers/STM32F4xx_HAL_Driver/Src/stm32f4xx_hal_adc.o
                0x08001e42                HAL_ADC_PollForConversion
 .text.HAL_ADC_GetValue
                0x08001f58       0x1a ./Drivers/STM32F4xx_HAL_Driver/Src/stm32f4xx_hal_adc.o
                0x08001f58                HAL_ADC_GetValue
 *fill*         0x08001f72        0x2 
 .text.HAL_ADC_ConfigChannel
                0x08001f74      0x244 ./Drivers/STM32F4xx_HAL_Driver/Src/stm32f4xx_hal_adc.o
                0x08001f74                HAL_ADC_ConfigChannel
 .text.ADC_Init
                0x080021b8      0x1f8 ./Drivers/STM32F4xx_HAL_Driver/Src/stm32f4xx_hal_adc.o
 .text.__NVIC_SetPriorityGrouping
                0x080023b0       0x48 ./Drivers/STM32F4xx_HAL_Driver/Src/stm32f4xx_hal_cortex.o
 .text.__NVIC_GetPriorityGrouping
                0x080023f8       0x1c ./Drivers/STM32F4xx_HAL_Driver/Src/stm32f4xx_hal_cortex.o
 .text.__NVIC_EnableIRQ
                0x08002414       0x3c ./Drivers/STM32F4xx_HAL_Driver/Src/stm32f4xx_hal_cortex.o
 .text.__NVIC_SetPriority
                0x08002450       0x54 ./Drivers/STM32F4xx_HAL_Driver/Src/stm32f4xx_hal_cortex.o
 .text.NVIC_EncodePriority
                0x080024a4       0x66 ./Drivers/STM32F4xx_HAL_Driver/Src/stm32f4xx_hal_cortex.o
 *fill*         0x0800250a        0x2 
 .text.SysTick_Config
                0x0800250c       0x44 ./Drivers/STM32F4xx_HAL_Driver/Src/stm32f4xx_hal_cortex.o
 .text.HAL_NVIC_SetPriorityGrouping
                0x08002550       0x16 ./Drivers/STM32F4xx_HAL_Driver/Src/stm32f4xx_hal_cortex.o
                0x08002550                HAL_NVIC_SetPriorityGrouping
 .text.HAL_NVIC_SetPriority
                0x08002566       0x38 ./Drivers/STM32F4xx_HAL_Driver/Src/stm32f4xx_hal_cortex.o
                0x08002566                HAL_NVIC_SetPriority
 .text.HAL_NVIC_EnableIRQ
                0x0800259e       0x1c ./Drivers/STM32F4xx_HAL_Driver/Src/stm32f4xx_hal_cortex.o
                0x0800259e                HAL_NVIC_EnableIRQ
 .text.HAL_SYSTICK_Config
                0x080025ba       0x18 ./Drivers/STM32F4xx_HAL_Driver/Src/stm32f4xx_hal_cortex.o
                0x080025ba                HAL_SYSTICK_Config
 .text.HAL_DMA_Abort
                0x080025d2       0xe0 ./Drivers/STM32F4xx_HAL_Driver/Src/stm32f4xx_hal_dma.o
                0x080025d2                HAL_DMA_Abort
 .text.HAL_DMA_Abort_IT
                0x080026b2       0x44 ./Drivers/STM32F4xx_HAL_Driver/Src/stm32f4xx_hal_dma.o
                0x080026b2                HAL_DMA_Abort_IT
 *fill*         0x080026f6        0x2 
 .text.HAL_GPIO_Init
                0x080026f8      0x338 ./Drivers/STM32F4xx_HAL_Driver/Src/stm32f4xx_hal_gpio.o
                0x080026f8                HAL_GPIO_Init
 .text.HAL_GPIO_WritePin
                0x08002a30       0x32 ./Drivers/STM32F4xx_HAL_Driver/Src/stm32f4xx_hal_gpio.o
                0x08002a30                HAL_GPIO_WritePin
 *fill*         0x08002a62        0x2 
 .text.HAL_I2C_Init
                0x08002a64      0x288 ./Drivers/STM32F4xx_HAL_Driver/Src/stm32f4xx_hal_i2c.o
                0x08002a64                HAL_I2C_Init
 .text.HAL_I2C_Mem_Write
                0x08002cec      0x1f4 ./Drivers/STM32F4xx_HAL_Driver/Src/stm32f4xx_hal_i2c.o
                0x08002cec                HAL_I2C_Mem_Write
 .text.HAL_I2C_Mem_Read
                0x08002ee0      0x464 ./Drivers/STM32F4xx_HAL_Driver/Src/stm32f4xx_hal_i2c.o
                0x08002ee0                HAL_I2C_Mem_Read
 .text.HAL_I2C_IsDeviceReady
                0x08003344      0x25c ./Drivers/STM32F4xx_HAL_Driver/Src/stm32f4xx_hal_i2c.o
                0x08003344                HAL_I2C_IsDeviceReady
 .text.I2C_RequestMemoryWrite
                0x080035a0      0x12c ./Drivers/STM32F4xx_HAL_Driver/Src/stm32f4xx_hal_i2c.o
 .text.I2C_RequestMemoryRead
                0x080036cc      0x1d0 ./Drivers/STM32F4xx_HAL_Driver/Src/stm32f4xx_hal_i2c.o
 .text.I2C_WaitOnFlagUntilTimeout
                0x0800389c       0xf4 ./Drivers/STM32F4xx_HAL_Driver/Src/stm32f4xx_hal_i2c.o
 .text.I2C_WaitOnMasterAddressFlagUntilTimeout
                0x08003990      0x140 ./Drivers/STM32F4xx_HAL_Driver/Src/stm32f4xx_hal_i2c.o
 .text.I2C_WaitOnTXEFlagUntilTimeout
                0x08003ad0       0x90 ./Drivers/STM32F4xx_HAL_Driver/Src/stm32f4xx_hal_i2c.o
 .text.I2C_WaitOnBTFFlagUntilTimeout
                0x08003b60       0x90 ./Drivers/STM32F4xx_HAL_Driver/Src/stm32f4xx_hal_i2c.o
 .text.I2C_WaitOnRXNEFlagUntilTimeout
                0x08003bf0       0xba ./Drivers/STM32F4xx_HAL_Driver/Src/stm32f4xx_hal_i2c.o
 .text.I2C_IsAcknowledgeFailed
                0x08003caa       0x5e ./Drivers/STM32F4xx_HAL_Driver/Src/stm32f4xx_hal_i2c.o
 .text.HAL_PCD_Init
                0x08003d08      0x21e ./Drivers/STM32F4xx_HAL_Driver/Src/stm32f4xx_hal_pcd.o
                0x08003d08                HAL_PCD_Init
 .text.HAL_PCD_Start
                0x08003f26       0x6a ./Drivers/STM32F4xx_HAL_Driver/Src/stm32f4xx_hal_pcd.o
                0x08003f26                HAL_PCD_Start
 .text.HAL_PCD_IRQHandler
                0x08003f90      0x942 ./Drivers/STM32F4xx_HAL_Driver/Src/stm32f4xx_hal_pcd.o
                0x08003f90                HAL_PCD_IRQHandler
 .text.HAL_PCD_SetAddress
                0x080048d2       0x48 ./Drivers/STM32F4xx_HAL_Driver/Src/stm32f4xx_hal_pcd.o
                0x080048d2                HAL_PCD_SetAddress
 .text.HAL_PCD_EP_Open
                0x0800491a       0xd4 ./Drivers/STM32F4xx_HAL_Driver/Src/stm32f4xx_hal_pcd.o
                0x0800491a                HAL_PCD_EP_Open
 .text.HAL_PCD_EP_Close
                0x080049ee       0x94 ./Drivers/STM32F4xx_HAL_Driver/Src/stm32f4xx_hal_pcd.o
                0x080049ee                HAL_PCD_EP_Close
 .text.HAL_PCD_EP_Receive
                0x08004a82       0x76 ./Drivers/STM32F4xx_HAL_Driver/Src/stm32f4xx_hal_pcd.o
                0x08004a82                HAL_PCD_EP_Receive
 .text.HAL_PCD_EP_GetRxCount
                0x08004af8       0x30 ./Drivers/STM32F4xx_HAL_Driver/Src/stm32f4xx_hal_pcd.o
                0x08004af8                HAL_PCD_EP_GetRxCount
 .text.HAL_PCD_EP_Transmit
                0x08004b28       0x74 ./Drivers/STM32F4xx_HAL_Driver/Src/stm32f4xx_hal_pcd.o
                0x08004b28                HAL_PCD_EP_Transmit
 .text.HAL_PCD_EP_SetStall
                0x08004b9c       0xc6 ./Drivers/STM32F4xx_HAL_Driver/Src/stm32f4xx_hal_pcd.o
                0x08004b9c                HAL_PCD_EP_SetStall
 .text.HAL_PCD_EP_ClrStall
                0x08004c62       0xac ./Drivers/STM32F4xx_HAL_Driver/Src/stm32f4xx_hal_pcd.o
                0x08004c62                HAL_PCD_EP_ClrStall
 .text.HAL_PCD_EP_Abort
                0x08004d0e       0x62 ./Drivers/STM32F4xx_HAL_Driver/Src/stm32f4xx_hal_pcd.o
                0x08004d0e                HAL_PCD_EP_Abort
 .text.PCD_WriteEmptyTxFifo
                0x08004d70      0x118 ./Drivers/STM32F4xx_HAL_Driver/Src/stm32f4xx_hal_pcd.o
 .text.PCD_EP_OutXfrComplete_int
                0x08004e88      0x1d0 ./Drivers/STM32F4xx_HAL_Driver/Src/stm32f4xx_hal_pcd.o
 .text.PCD_EP_OutSetupPacket_int
                0x08005058       0x8c ./Drivers/STM32F4xx_HAL_Driver/Src/stm32f4xx_hal_pcd.o
 .text.HAL_PCDEx_SetTxFiFo
                0x080050e4       0x8e ./Drivers/STM32F4xx_HAL_Driver/Src/stm32f4xx_hal_pcd_ex.o
                0x080050e4                HAL_PCDEx_SetTxFiFo
 .text.HAL_PCDEx_SetRxFiFo
                0x08005172       0x22 ./Drivers/STM32F4xx_HAL_Driver/Src/stm32f4xx_hal_pcd_ex.o
                0x08005172                HAL_PCDEx_SetRxFiFo
 .text.HAL_PCDEx_LPM_Callback
                0x08005194       0x18 ./Drivers/STM32F4xx_HAL_Driver/Src/stm32f4xx_hal_pcd_ex.o
                0x08005194                HAL_PCDEx_LPM_Callback
 .text.HAL_RCC_OscConfig
                0x080051ac      0x4f0 ./Drivers/STM32F4xx_HAL_Driver/Src/stm32f4xx_hal_rcc.o
                0x080051ac                HAL_RCC_OscConfig
 .text.HAL_RCC_ClockConfig
                0x0800569c      0x1cc ./Drivers/STM32F4xx_HAL_Driver/Src/stm32f4xx_hal_rcc.o
                0x0800569c                HAL_RCC_ClockConfig
 .text.HAL_RCC_GetSysClockFreq
                0x08005868      0x18c ./Drivers/STM32F4xx_HAL_Driver/Src/stm32f4xx_hal_rcc.o
                0x08005868                HAL_RCC_GetSysClockFreq
 .text.HAL_RCC_GetHCLKFreq
                0x080059f4       0x18 ./Drivers/STM32F4xx_HAL_Driver/Src/stm32f4xx_hal_rcc.o
                0x080059f4                HAL_RCC_GetHCLKFreq
 .text.HAL_RCC_GetPCLK1Freq
                0x08005a0c       0x28 ./Drivers/STM32F4xx_HAL_Driver/Src/stm32f4xx_hal_rcc.o
                0x08005a0c                HAL_RCC_GetPCLK1Freq
 .text.HAL_RCC_GetPCLK2Freq
                0x08005a34       0x28 ./Drivers/STM32F4xx_HAL_Driver/Src/stm32f4xx_hal_rcc.o
                0x08005a34                HAL_RCC_GetPCLK2Freq
 .text.HAL_TIM_Base_Init
                0x08005a5c       0x9e ./Drivers/STM32F4xx_HAL_Driver/Src/stm32f4xx_hal_tim.o
                0x08005a5c                HAL_TIM_Base_Init
 .text.HAL_TIM_ConfigClockSource
                0x08005afa      0x18e ./Drivers/STM32F4xx_HAL_Driver/Src/stm32f4xx_hal_tim.o
                0x08005afa                HAL_TIM_ConfigClockSource
 .text.TIM_Base_SetConfig
                0x08005c88      0x14c ./Drivers/STM32F4xx_HAL_Driver/Src/stm32f4xx_hal_tim.o
                0x08005c88                TIM_Base_SetConfig
 .text.TIM_TI1_ConfigInputStage
                0x08005dd4       0x5e ./Drivers/STM32F4xx_HAL_Driver/Src/stm32f4xx_hal_tim.o
 .text.TIM_TI2_ConfigInputStage
                0x08005e32       0x60 ./Drivers/STM32F4xx_HAL_Driver/Src/stm32f4xx_hal_tim.o
 .text.TIM_ITRx_SetConfig
                0x08005e92       0x36 ./Drivers/STM32F4xx_HAL_Driver/Src/stm32f4xx_hal_tim.o
 .text.TIM_ETR_SetConfig
                0x08005ec8       0x40 ./Drivers/STM32F4xx_HAL_Driver/Src/stm32f4xx_hal_tim.o
                0x08005ec8                TIM_ETR_SetConfig
 .text.HAL_TIMEx_MasterConfigSynchronization
                0x08005f08       0xf8 ./Drivers/STM32F4xx_HAL_Driver/Src/stm32f4xx_hal_tim_ex.o
                0x08005f08                HAL_TIMEx_MasterConfigSynchronization
 .text.HAL_UART_Init
                0x08006000       0xa0 ./Drivers/STM32F4xx_HAL_Driver/Src/stm32f4xx_hal_uart.o
                0x08006000                HAL_UART_Init
 .text.HAL_UART_Receive_IT
                0x080060a0       0x4a ./Drivers/STM32F4xx_HAL_Driver/Src/stm32f4xx_hal_uart.o
                0x080060a0                HAL_UART_Receive_IT
 *fill*         0x080060ea        0x2 
 .text.HAL_UART_IRQHandler
                0x080060ec      0x554 ./Drivers/STM32F4xx_HAL_Driver/Src/stm32f4xx_hal_uart.o
                0x080060ec                HAL_UART_IRQHandler
 .text.HAL_UART_TxCpltCallback
                0x08006640       0x14 ./Drivers/STM32F4xx_HAL_Driver/Src/stm32f4xx_hal_uart.o
                0x08006640                HAL_UART_TxCpltCallback
 .text.HAL_UART_ErrorCallback
                0x08006654       0x14 ./Drivers/STM32F4xx_HAL_Driver/Src/stm32f4xx_hal_uart.o
                0x08006654                HAL_UART_ErrorCallback
 .text.HAL_UARTEx_RxEventCallback
                0x08006668       0x18 ./Drivers/STM32F4xx_HAL_Driver/Src/stm32f4xx_hal_uart.o
                0x08006668                HAL_UARTEx_RxEventCallback
 .text.UART_Start_Receive_IT
                0x08006680       0x74 ./Drivers/STM32F4xx_HAL_Driver/Src/stm32f4xx_hal_uart.o
                0x08006680                UART_Start_Receive_IT
 .text.UART_EndRxTransfer
                0x080066f4       0xc6 ./Drivers/STM32F4xx_HAL_Driver/Src/stm32f4xx_hal_uart.o
 .text.UART_DMAAbortOnError
                0x080067ba       0x22 ./Drivers/STM32F4xx_HAL_Driver/Src/stm32f4xx_hal_uart.o
 .text.UART_Transmit_IT
                0x080067dc       0xa0 ./Drivers/STM32F4xx_HAL_Driver/Src/stm32f4xx_hal_uart.o
 .text.UART_EndTransmit_IT
                0x0800687c       0x30 ./Drivers/STM32F4xx_HAL_Driver/Src/stm32f4xx_hal_uart.o
 .text.UART_Receive_IT
                0x080068ac      0x17c ./Drivers/STM32F4xx_HAL_Driver/Src/stm32f4xx_hal_uart.o
 .text.UART_SetConfig
                0x08006a28      0x4e8 ./Drivers/STM32F4xx_HAL_Driver/Src/stm32f4xx_hal_uart.o
 .text.USB_CoreInit
                0x08006f10       0xc8 ./Drivers/STM32F4xx_HAL_Driver/Src/stm32f4xx_ll_usb.o
                0x08006f10                USB_CoreInit
 .text.USB_SetTurnaroundTime
                0x08006fd8      0x144 ./Drivers/STM32F4xx_HAL_Driver/Src/stm32f4xx_ll_usb.o
                0x08006fd8                USB_SetTurnaroundTime
 .text.USB_EnableGlobalInt
                0x0800711c       0x22 ./Drivers/STM32F4xx_HAL_Driver/Src/stm32f4xx_ll_usb.o
                0x0800711c                USB_EnableGlobalInt
 .text.USB_DisableGlobalInt
                0x0800713e       0x22 ./Drivers/STM32F4xx_HAL_Driver/Src/stm32f4xx_ll_usb.o
                0x0800713e                USB_DisableGlobalInt
 .text.USB_SetCurrentMode
                0x08007160       0x98 ./Drivers/STM32F4xx_HAL_Driver/Src/stm32f4xx_ll_usb.o
                0x08007160                USB_SetCurrentMode
 .text.USB_DevInit
                0x080071f8      0x2c8 ./Drivers/STM32F4xx_HAL_Driver/Src/stm32f4xx_ll_usb.o
                0x080071f8                USB_DevInit
 .text.USB_FlushTxFifo
                0x080074c0       0x64 ./Drivers/STM32F4xx_HAL_Driver/Src/stm32f4xx_ll_usb.o
                0x080074c0                USB_FlushTxFifo
 .text.USB_FlushRxFifo
                0x08007524       0x5c ./Drivers/STM32F4xx_HAL_Driver/Src/stm32f4xx_ll_usb.o
                0x08007524                USB_FlushRxFifo
 .text.USB_SetDevSpeed
                0x08007580       0x32 ./Drivers/STM32F4xx_HAL_Driver/Src/stm32f4xx_ll_usb.o
                0x08007580                USB_SetDevSpeed
 .text.USB_GetDevSpeed
                0x080075b2       0x4a ./Drivers/STM32F4xx_HAL_Driver/Src/stm32f4xx_ll_usb.o
                0x080075b2                USB_GetDevSpeed
 .text.USB_ActivateEndpoint
                0x080075fc      0x10e ./Drivers/STM32F4xx_HAL_Driver/Src/stm32f4xx_ll_usb.o
                0x080075fc                USB_ActivateEndpoint
 *fill*         0x0800770a        0x2 
 .text.USB_DeactivateEndpoint
                0x0800770c      0x1b8 ./Drivers/STM32F4xx_HAL_Driver/Src/stm32f4xx_ll_usb.o
                0x0800770c                USB_DeactivateEndpoint
 .text.USB_EPStartXfer
                0x080078c4      0x53c ./Drivers/STM32F4xx_HAL_Driver/Src/stm32f4xx_ll_usb.o
                0x080078c4                USB_EPStartXfer
 .text.USB_EPStopXfer
                0x08007e00      0x154 ./Drivers/STM32F4xx_HAL_Driver/Src/stm32f4xx_ll_usb.o
                0x08007e00                USB_EPStopXfer
 .text.USB_WritePacket
                0x08007f54       0x7c ./Drivers/STM32F4xx_HAL_Driver/Src/stm32f4xx_ll_usb.o
                0x08007f54                USB_WritePacket
 .text.USB_ReadPacket
                0x08007fd0       0xb0 ./Drivers/STM32F4xx_HAL_Driver/Src/stm32f4xx_ll_usb.o
                0x08007fd0                USB_ReadPacket
 .text.USB_EPSetStall
                0x08008080       0xdc ./Drivers/STM32F4xx_HAL_Driver/Src/stm32f4xx_ll_usb.o
                0x08008080                USB_EPSetStall
 .text.USB_EPClearStall
                0x0800815c       0xcc ./Drivers/STM32F4xx_HAL_Driver/Src/stm32f4xx_ll_usb.o
                0x0800815c                USB_EPClearStall
 .text.USB_SetDevAddress
                0x08008228       0x4c ./Drivers/STM32F4xx_HAL_Driver/Src/stm32f4xx_ll_usb.o
                0x08008228                USB_SetDevAddress
 .text.USB_DevConnect
                0x08008274       0x42 ./Drivers/STM32F4xx_HAL_Driver/Src/stm32f4xx_ll_usb.o
                0x08008274                USB_DevConnect
 .text.USB_DevDisconnect
                0x080082b6       0x42 ./Drivers/STM32F4xx_HAL_Driver/Src/stm32f4xx_ll_usb.o
                0x080082b6                USB_DevDisconnect
 .text.USB_ReadInterrupts
                0x080082f8       0x26 ./Drivers/STM32F4xx_HAL_Driver/Src/stm32f4xx_ll_usb.o
                0x080082f8                USB_ReadInterrupts
 .text.USB_ReadDevAllOutEpInterrupt
                0x0800831e       0x34 ./Drivers/STM32F4xx_HAL_Driver/Src/stm32f4xx_ll_usb.o
                0x0800831e                USB_ReadDevAllOutEpInterrupt
 .text.USB_ReadDevAllInEpInterrupt
                0x08008352       0x34 ./Drivers/STM32F4xx_HAL_Driver/Src/stm32f4xx_ll_usb.o
                0x08008352                USB_ReadDevAllInEpInterrupt
 .text.USB_ReadDevOutEPInterrupt
                0x08008386       0x3c ./Drivers/STM32F4xx_HAL_Driver/Src/stm32f4xx_ll_usb.o
                0x08008386                USB_ReadDevOutEPInterrupt
 .text.USB_ReadDevInEPInterrupt
                0x080083c2       0x5c ./Drivers/STM32F4xx_HAL_Driver/Src/stm32f4xx_ll_usb.o
                0x080083c2                USB_ReadDevInEPInterrupt
 .text.USB_GetMode
                0x0800841e       0x1c ./Drivers/STM32F4xx_HAL_Driver/Src/stm32f4xx_ll_usb.o
                0x0800841e                USB_GetMode
 .text.USB_ActivateSetup
                0x0800843a       0x46 ./Drivers/STM32F4xx_HAL_Driver/Src/stm32f4xx_ll_usb.o
                0x0800843a                USB_ActivateSetup
 .text.USB_EP0_OutStart
                0x08008480       0xbc ./Drivers/STM32F4xx_HAL_Driver/Src/stm32f4xx_ll_usb.o
                0x08008480                USB_EP0_OutStart
 .text.USB_CoreReset
                0x0800853c       0x70 ./Drivers/STM32F4xx_HAL_Driver/Src/stm32f4xx_ll_usb.o
 .text.USBD_CDC_Init
                0x080085ac      0x1f0 ./Middlewares/ST/STM32_USB_Device_Library/Class/CDC/Src/usbd_cdc.o
 .text.USBD_CDC_DeInit
                0x0800879c      0x104 ./Middlewares/ST/STM32_USB_Device_Library/Class/CDC/Src/usbd_cdc.o
 .text.USBD_CDC_Setup
                0x080088a0      0x1b8 ./Middlewares/ST/STM32_USB_Device_Library/Class/CDC/Src/usbd_cdc.o
 .text.USBD_CDC_DataIn
                0x08008a58       0xfe ./Middlewares/ST/STM32_USB_Device_Library/Class/CDC/Src/usbd_cdc.o
 .text.USBD_CDC_DataOut
                0x08008b56       0x70 ./Middlewares/ST/STM32_USB_Device_Library/Class/CDC/Src/usbd_cdc.o
 .text.USBD_CDC_EP0_RxReady
                0x08008bc6       0x74 ./Middlewares/ST/STM32_USB_Device_Library/Class/CDC/Src/usbd_cdc.o
 *fill*         0x08008c3a        0x2 
 .text.USBD_CDC_GetFSCfgDesc
                0x08008c3c       0x70 ./Middlewares/ST/STM32_USB_Device_Library/Class/CDC/Src/usbd_cdc.o
 .text.USBD_CDC_GetHSCfgDesc
                0x08008cac       0x70 ./Middlewares/ST/STM32_USB_Device_Library/Class/CDC/Src/usbd_cdc.o
 .text.USBD_CDC_GetOtherSpeedCfgDesc
                0x08008d1c       0x70 ./Middlewares/ST/STM32_USB_Device_Library/Class/CDC/Src/usbd_cdc.o
 .text.USBD_CDC_GetDeviceQualifierDescriptor
                0x08008d8c       0x20 ./Middlewares/ST/STM32_USB_Device_Library/Class/CDC/Src/usbd_cdc.o
                0x08008d8c                USBD_CDC_GetDeviceQualifierDescriptor
 .text.USBD_CDC_RegisterInterface
                0x08008dac       0x34 ./Middlewares/ST/STM32_USB_Device_Library/Class/CDC/Src/usbd_cdc.o
                0x08008dac                USBD_CDC_RegisterInterface
 .text.USBD_CDC_SetTxBuffer
                0x08008de0       0x44 ./Middlewares/ST/STM32_USB_Device_Library/Class/CDC/Src/usbd_cdc.o
                0x08008de0                USBD_CDC_SetTxBuffer
 .text.USBD_CDC_SetRxBuffer
                0x08008e24       0x3a ./Middlewares/ST/STM32_USB_Device_Library/Class/CDC/Src/usbd_cdc.o
                0x08008e24                USBD_CDC_SetRxBuffer
 *fill*         0x08008e5e        0x2 
 .text.USBD_CDC_TransmitPacket
                0x08008e60       0x80 ./Middlewares/ST/STM32_USB_Device_Library/Class/CDC/Src/usbd_cdc.o
                0x08008e60                USBD_CDC_TransmitPacket
 .text.USBD_CDC_ReceivePacket
                0x08008ee0       0x6c ./Middlewares/ST/STM32_USB_Device_Library/Class/CDC/Src/usbd_cdc.o
                0x08008ee0                USBD_CDC_ReceivePacket
 .text.USBD_Init
                0x08008f4c       0x60 ./Middlewares/ST/STM32_USB_Device_Library/Core/Src/usbd_core.o
                0x08008f4c                USBD_Init
 .text.USBD_RegisterClass
                0x08008fac       0x6c ./Middlewares/ST/STM32_USB_Device_Library/Core/Src/usbd_core.o
                0x08008fac                USBD_RegisterClass
 .text.USBD_Start
                0x08009018       0x18 ./Middlewares/ST/STM32_USB_Device_Library/Core/Src/usbd_core.o
                0x08009018                USBD_Start
 .text.USBD_RunTestMode
                0x08009030       0x16 ./Middlewares/ST/STM32_USB_Device_Library/Core/Src/usbd_core.o
                0x08009030                USBD_RunTestMode
 .text.USBD_SetClassConfig
                0x08009046       0x38 ./Middlewares/ST/STM32_USB_Device_Library/Core/Src/usbd_core.o
                0x08009046                USBD_SetClassConfig
 .text.USBD_ClrClassConfig
                0x0800907e       0x34 ./Middlewares/ST/STM32_USB_Device_Library/Core/Src/usbd_core.o
                0x0800907e                USBD_ClrClassConfig
 .text.USBD_LL_SetupStage
                0x080090b2       0xaa ./Middlewares/ST/STM32_USB_Device_Library/Core/Src/usbd_core.o
                0x080090b2                USBD_LL_SetupStage
 .text.USBD_LL_DataOutStage
                0x0800915c      0x178 ./Middlewares/ST/STM32_USB_Device_Library/Core/Src/usbd_core.o
                0x0800915c                USBD_LL_DataOutStage
 .text.USBD_LL_DataInStage
                0x080092d4      0x176 ./Middlewares/ST/STM32_USB_Device_Library/Core/Src/usbd_core.o
                0x080092d4                USBD_LL_DataInStage
 .text.USBD_LL_Reset
                0x0800944a       0xa6 ./Middlewares/ST/STM32_USB_Device_Library/Core/Src/usbd_core.o
                0x0800944a                USBD_LL_Reset
 .text.USBD_LL_SetSpeed
                0x080094f0       0x20 ./Middlewares/ST/STM32_USB_Device_Library/Core/Src/usbd_core.o
                0x080094f0                USBD_LL_SetSpeed
 .text.USBD_LL_Suspend
                0x08009510       0x38 ./Middlewares/ST/STM32_USB_Device_Library/Core/Src/usbd_core.o
                0x08009510                USBD_LL_Suspend
 .text.USBD_LL_Resume
                0x08009548       0x30 ./Middlewares/ST/STM32_USB_Device_Library/Core/Src/usbd_core.o
                0x08009548                USBD_LL_Resume
 .text.USBD_LL_SOF
                0x08009578       0x40 ./Middlewares/ST/STM32_USB_Device_Library/Core/Src/usbd_core.o
                0x08009578                USBD_LL_SOF
 .text.USBD_LL_IsoINIncomplete
                0x080095b8       0x64 ./Middlewares/ST/STM32_USB_Device_Library/Core/Src/usbd_core.o
                0x080095b8                USBD_LL_IsoINIncomplete
 .text.USBD_LL_IsoOUTIncomplete
                0x0800961c       0x64 ./Middlewares/ST/STM32_USB_Device_Library/Core/Src/usbd_core.o
                0x0800961c                USBD_LL_IsoOUTIncomplete
 .text.USBD_LL_DevConnected
                0x08009680       0x16 ./Middlewares/ST/STM32_USB_Device_Library/Core/Src/usbd_core.o
                0x08009680                USBD_LL_DevConnected
 .text.USBD_LL_DevDisconnected
                0x08009696       0x46 ./Middlewares/ST/STM32_USB_Device_Library/Core/Src/usbd_core.o
                0x08009696                USBD_LL_DevDisconnected
 .text.USBD_CoreFindIF
                0x080096dc       0x1a ./Middlewares/ST/STM32_USB_Device_Library/Core/Src/usbd_core.o
                0x080096dc                USBD_CoreFindIF
 .text.USBD_CoreFindEP
                0x080096f6       0x1a ./Middlewares/ST/STM32_USB_Device_Library/Core/Src/usbd_core.o
                0x080096f6                USBD_CoreFindEP
 .text.USBD_GetEpDesc
                0x08009710       0x70 ./Middlewares/ST/STM32_USB_Device_Library/Core/Src/usbd_core.o
                0x08009710                USBD_GetEpDesc
 .text.USBD_GetNextDesc
                0x08009780       0x38 ./Middlewares/ST/STM32_USB_Device_Library/Core/Src/usbd_core.o
                0x08009780                USBD_GetNextDesc
 .text.SWAPBYTE
                0x080097b8       0x3e ./Middlewares/ST/STM32_USB_Device_Library/Core/Src/usbd_ctlreq.o
 *fill*         0x080097f6        0x2 
 .text.USBD_StdDevReq
                0x080097f8       0xe4 ./Middlewares/ST/STM32_USB_Device_Library/Core/Src/usbd_ctlreq.o
                0x080097f8                USBD_StdDevReq
 .text.USBD_StdItfReq
                0x080098dc       0xd8 ./Middlewares/ST/STM32_USB_Device_Library/Core/Src/usbd_ctlreq.o
                0x080098dc                USBD_StdItfReq
 .text.USBD_StdEPReq
                0x080099b4      0x33e ./Middlewares/ST/STM32_USB_Device_Library/Core/Src/usbd_ctlreq.o
                0x080099b4                USBD_StdEPReq
 *fill*         0x08009cf2        0x2 
 .text.USBD_GetDescriptor
                0x08009cf4      0x2d4 ./Middlewares/ST/STM32_USB_Device_Library/Core/Src/usbd_ctlreq.o
 .text.USBD_SetAddress
                0x08009fc8       0x88 ./Middlewares/ST/STM32_USB_Device_Library/Core/Src/usbd_ctlreq.o
 .text.USBD_SetConfig
                0x0800a050      0x154 ./Middlewares/ST/STM32_USB_Device_Library/Core/Src/usbd_ctlreq.o
 .text.USBD_GetConfig
                0x0800a1a4       0x6c ./Middlewares/ST/STM32_USB_Device_Library/Core/Src/usbd_ctlreq.o
 .text.USBD_GetStatus
                0x0800a210       0x68 ./Middlewares/ST/STM32_USB_Device_Library/Core/Src/usbd_ctlreq.o
 .text.USBD_SetFeature
                0x0800a278       0x52 ./Middlewares/ST/STM32_USB_Device_Library/Core/Src/usbd_ctlreq.o
 .text.USBD_ClrFeature
                0x0800a2ca       0x44 ./Middlewares/ST/STM32_USB_Device_Library/Core/Src/usbd_ctlreq.o
 .text.USBD_ParseSetupRequest
                0x0800a30e       0x74 ./Middlewares/ST/STM32_USB_Device_Library/Core/Src/usbd_ctlreq.o
                0x0800a30e                USBD_ParseSetupRequest
 .text.USBD_CtlError
                0x0800a382       0x22 ./Middlewares/ST/STM32_USB_Device_Library/Core/Src/usbd_ctlreq.o
                0x0800a382                USBD_CtlError
 .text.USBD_GetString
                0x0800a3a4       0xa4 ./Middlewares/ST/STM32_USB_Device_Library/Core/Src/usbd_ctlreq.o
                0x0800a3a4                USBD_GetString
 .text.USBD_GetLen
                0x0800a448       0x34 ./Middlewares/ST/STM32_USB_Device_Library/Core/Src/usbd_ctlreq.o
 .text.USBD_CtlSendData
                0x0800a47c       0x3c ./Middlewares/ST/STM32_USB_Device_Library/Core/Src/usbd_ioreq.o
                0x0800a47c                USBD_CtlSendData
 .text.USBD_CtlContinueSendData
                0x0800a4b8       0x22 ./Middlewares/ST/STM32_USB_Device_Library/Core/Src/usbd_ioreq.o
                0x0800a4b8                USBD_CtlContinueSendData
 .text.USBD_CtlPrepareRx
                0x0800a4da       0x42 ./Middlewares/ST/STM32_USB_Device_Library/Core/Src/usbd_ioreq.o
                0x0800a4da                USBD_CtlPrepareRx
 .text.USBD_CtlContinueRx
                0x0800a51c       0x22 ./Middlewares/ST/STM32_USB_Device_Library/Core/Src/usbd_ioreq.o
                0x0800a51c                USBD_CtlContinueRx
 .text.USBD_CtlSendStatus
                0x0800a53e       0x26 ./Middlewares/ST/STM32_USB_Device_Library/Core/Src/usbd_ioreq.o
                0x0800a53e                USBD_CtlSendStatus
 .text.USBD_CtlReceiveStatus
                0x0800a564       0x26 ./Middlewares/ST/STM32_USB_Device_Library/Core/Src/usbd_ioreq.o
                0x0800a564                USBD_CtlReceiveStatus
 *fill*         0x0800a58a        0x2 
 .text.MX_USB_DEVICE_Init
                0x0800a58c       0x60 ./USB_DEVICE/App/usb_device.o
                0x0800a58c                MX_USB_DEVICE_Init
 .text.CDC_Init_FS
                0x0800a5ec       0x28 ./USB_DEVICE/App/usbd_cdc_if.o
 .text.CDC_DeInit_FS
                0x0800a614       0x10 ./USB_DEVICE/App/usbd_cdc_if.o
 .text.CDC_Control_FS
                0x0800a624       0xbc ./USB_DEVICE/App/usbd_cdc_if.o
 .text.CDC_Receive_FS
                0x0800a6e0       0x28 ./USB_DEVICE/App/usbd_cdc_if.o
 .text.CDC_Transmit_FS
                0x0800a708       0x4c ./USB_DEVICE/App/usbd_cdc_if.o
                0x0800a708                CDC_Transmit_FS
 .text.CDC_TransmitCplt_FS
                0x0800a754       0x22 ./USB_DEVICE/App/usbd_cdc_if.o
 *fill*         0x0800a776        0x2 
 .text.USBD_FS_DeviceDescriptor
                0x0800a778       0x24 ./USB_DEVICE/App/usbd_desc.o
                0x0800a778                USBD_FS_DeviceDescriptor
 .text.USBD_FS_LangIDStrDescriptor
                0x0800a79c       0x24 ./USB_DEVICE/App/usbd_desc.o
                0x0800a79c                USBD_FS_LangIDStrDescriptor
 .text.USBD_FS_ProductStrDescriptor
                0x0800a7c0       0x3c ./USB_DEVICE/App/usbd_desc.o
                0x0800a7c0                USBD_FS_ProductStrDescriptor
 .text.USBD_FS_ManufacturerStrDescriptor
                0x0800a7fc       0x28 ./USB_DEVICE/App/usbd_desc.o
                0x0800a7fc                USBD_FS_ManufacturerStrDescriptor
 .text.USBD_FS_SerialStrDescriptor
                0x0800a824       0x24 ./USB_DEVICE/App/usbd_desc.o
                0x0800a824                USBD_FS_SerialStrDescriptor
 .text.USBD_FS_ConfigStrDescriptor
                0x0800a848       0x3c ./USB_DEVICE/App/usbd_desc.o
                0x0800a848                USBD_FS_ConfigStrDescriptor
 .text.USBD_FS_InterfaceStrDescriptor
                0x0800a884       0x3c ./USB_DEVICE/App/usbd_desc.o
                0x0800a884                USBD_FS_InterfaceStrDescriptor
 .text.Get_SerialNum
                0x0800a8c0       0x58 ./USB_DEVICE/App/usbd_desc.o
 .text.IntToUnicode
                0x0800a918       0x7e ./USB_DEVICE/App/usbd_desc.o
 *fill*         0x0800a996        0x2 
 .text.HAL_PCD_MspInit
                0x0800a998       0xa8 ./USB_DEVICE/Target/usbd_conf.o
                0x0800a998                HAL_PCD_MspInit
 .text.HAL_PCD_SetupStageCallback
                0x0800aa40       0x24 ./USB_DEVICE/Target/usbd_conf.o
                0x0800aa40                HAL_PCD_SetupStageCallback
 .text.HAL_PCD_DataOutStageCallback
                0x0800aa64       0x36 ./USB_DEVICE/Target/usbd_conf.o
                0x0800aa64                HAL_PCD_DataOutStageCallback
 .text.HAL_PCD_DataInStageCallback
                0x0800aa9a       0x34 ./USB_DEVICE/Target/usbd_conf.o
                0x0800aa9a                HAL_PCD_DataInStageCallback
 .text.HAL_PCD_SOFCallback
                0x0800aace       0x1c ./USB_DEVICE/Target/usbd_conf.o
                0x0800aace                HAL_PCD_SOFCallback
 .text.HAL_PCD_ResetCallback
                0x0800aaea       0x50 ./USB_DEVICE/Target/usbd_conf.o
                0x0800aaea                HAL_PCD_ResetCallback
 *fill*         0x0800ab3a        0x2 
 .text.HAL_PCD_SuspendCallback
                0x0800ab3c       0x4c ./USB_DEVICE/Target/usbd_conf.o
                0x0800ab3c                HAL_PCD_SuspendCallback
 .text.HAL_PCD_ResumeCallback
                0x0800ab88       0x1c ./USB_DEVICE/Target/usbd_conf.o
                0x0800ab88                HAL_PCD_ResumeCallback
 .text.HAL_PCD_ISOOUTIncompleteCallback
                0x0800aba4       0x24 ./USB_DEVICE/Target/usbd_conf.o
                0x0800aba4                HAL_PCD_ISOOUTIncompleteCallback
 .text.HAL_PCD_ISOINIncompleteCallback
                0x0800abc8       0x24 ./USB_DEVICE/Target/usbd_conf.o
                0x0800abc8                HAL_PCD_ISOINIncompleteCallback
 .text.HAL_PCD_ConnectCallback
                0x0800abec       0x1c ./USB_DEVICE/Target/usbd_conf.o
                0x0800abec                HAL_PCD_ConnectCallback
 .text.HAL_PCD_DisconnectCallback
                0x0800ac08       0x1c ./USB_DEVICE/Target/usbd_conf.o
                0x0800ac08                HAL_PCD_DisconnectCallback
 .text.USBD_LL_Init
                0x0800ac24       0x98 ./USB_DEVICE/Target/usbd_conf.o
                0x0800ac24                USBD_LL_Init
 .text.USBD_LL_Start
                0x0800acbc       0x36 ./USB_DEVICE/Target/usbd_conf.o
                0x0800acbc                USBD_LL_Start
 .text.USBD_LL_OpenEP
                0x0800acf2       0x4c ./USB_DEVICE/Target/usbd_conf.o
                0x0800acf2                USBD_LL_OpenEP
 .text.USBD_LL_CloseEP
                0x0800ad3e       0x3e ./USB_DEVICE/Target/usbd_conf.o
                0x0800ad3e                USBD_LL_CloseEP
 .text.USBD_LL_StallEP
                0x0800ad7c       0x3e ./USB_DEVICE/Target/usbd_conf.o
                0x0800ad7c                USBD_LL_StallEP
 .text.USBD_LL_ClearStallEP
                0x0800adba       0x3e ./USB_DEVICE/Target/usbd_conf.o
                0x0800adba                USBD_LL_ClearStallEP
 .text.USBD_LL_IsStallEP
                0x0800adf8       0x58 ./USB_DEVICE/Target/usbd_conf.o
                0x0800adf8                USBD_LL_IsStallEP
 .text.USBD_LL_SetUSBAddress
                0x0800ae50       0x3e ./USB_DEVICE/Target/usbd_conf.o
                0x0800ae50                USBD_LL_SetUSBAddress
 .text.USBD_LL_Transmit
                0x0800ae8e       0x42 ./USB_DEVICE/Target/usbd_conf.o
                0x0800ae8e                USBD_LL_Transmit
 .text.USBD_LL_PrepareReceive
                0x0800aed0       0x42 ./USB_DEVICE/Target/usbd_conf.o
                0x0800aed0                USBD_LL_PrepareReceive
 .text.USBD_LL_GetRxDataSize
                0x0800af12       0x26 ./USB_DEVICE/Target/usbd_conf.o
                0x0800af12                USBD_LL_GetRxDataSize
 .text.USBD_static_malloc
                0x0800af38       0x1c ./USB_DEVICE/Target/usbd_conf.o
                0x0800af38                USBD_static_malloc
 .text.USBD_static_free
                0x0800af54       0x14 ./USB_DEVICE/Target/usbd_conf.o
                0x0800af54                USBD_static_free
 .text.USBD_Get_USB_Status
                0x0800af68       0x58 ./USB_DEVICE/Target/usbd_conf.o
                0x0800af68                USBD_Get_USB_Status
 .text.srand    0x0800afc0       0x5c /opt/st/stm32cubeide_1.19.0_3/plugins/com.st.stm32cube.ide.mcu.externaltools.gnu-tools-for-stm32.13.3.rel1.linux64_1.0.0.202410170706/tools/bin/../lib/gcc/arm-none-eabi/13.3.1/../../../../arm-none-eabi/lib/thumb/v7e-m+fp/hard/libc_nano.a(libc_a-rand.o)
                0x0800afc0                srand
 .text.rand     0x0800b01c       0x7c /opt/st/stm32cubeide_1.19.0_3/plugins/com.st.stm32cube.ide.mcu.externaltools.gnu-tools-for-stm32.13.3.rel1.linux64_1.0.0.202410170706/tools/bin/../lib/gcc/arm-none-eabi/13.3.1/../../../../arm-none-eabi/lib/thumb/v7e-m+fp/hard/libc_nano.a(libc_a-rand.o)
                0x0800b01c                rand
 .text.std      0x0800b098       0x6c /opt/st/stm32cubeide_1.19.0_3/plugins/com.st.stm32cube.ide.mcu.externaltools.gnu-tools-for-stm32.13.3.rel1.linux64_1.0.0.202410170706/tools/bin/../lib/gcc/arm-none-eabi/13.3.1/../../../../arm-none-eabi/lib/thumb/v7e-m+fp/hard/libc_nano.a(libc_a-findfp.o)
 .text.stdio_exit_handler
                0x0800b104       0x18 /opt/st/stm32cubeide_1.19.0_3/plugins/com.st.stm32cube.ide.mcu.externaltools.gnu-tools-for-stm32.13.3.rel1.linux64_1.0.0.202410170706/tools/bin/../lib/gcc/arm-none-eabi/13.3.1/../../../../arm-none-eabi/lib/thumb/v7e-m+fp/hard/libc_nano.a(libc_a-findfp.o)
 .text.cleanup_stdio
                0x0800b11c       0x40 /opt/st/stm32cubeide_1.19.0_3/plugins/com.st.stm32cube.ide.mcu.externaltools.gnu-tools-for-stm32.13.3.rel1.linux64_1.0.0.202410170706/tools/bin/../lib/gcc/arm-none-eabi/13.3.1/../../../../arm-none-eabi/lib/thumb/v7e-m+fp/hard/libc_nano.a(libc_a-findfp.o)
 .text.global_stdio_init.part.0
                0x0800b15c       0x3c /opt/st/stm32cubeide_1.19.0_3/plugins/com.st.stm32cube.ide.mcu.externaltools.gnu-tools-for-stm32.13.3.rel1.linux64_1.0.0.202410170706/tools/bin/../lib/gcc/arm-none-eabi/13.3.1/../../../../arm-none-eabi/lib/thumb/v7e-m+fp/hard/libc_nano.a(libc_a-findfp.o)
 .text.__sfp_lock_acquire
                0x0800b198        0xc /opt/st/stm32cubeide_1.19.0_3/plugins/com.st.stm32cube.ide.mcu.externaltools.gnu-tools-for-stm32.13.3.rel1.linux64_1.0.0.202410170706/tools/bin/../lib/gcc/arm-none-eabi/13.3.1/../../../../arm-none-eabi/lib/thumb/v7e-m+fp/hard/libc_nano.a(libc_a-findfp.o)
                0x0800b198                __sfp_lock_acquire
 .text.__sfp_lock_release
                0x0800b1a4        0xc /opt/st/stm32cubeide_1.19.0_3/plugins/com.st.stm32cube.ide.mcu.externaltools.gnu-tools-for-stm32.13.3.rel1.linux64_1.0.0.202410170706/tools/bin/../lib/gcc/arm-none-eabi/13.3.1/../../../../arm-none-eabi/lib/thumb/v7e-m+fp/hard/libc_nano.a(libc_a-findfp.o)
                0x0800b1a4                __sfp_lock_release
 .text.__sinit  0x0800b1b0       0x30 /opt/st/stm32cubeide_1.19.0_3/plugins/com.st.stm32cube.ide.mcu.externaltools.gnu-tools-for-stm32.13.3.rel1.linux64_1.0.0.202410170706/tools/bin/../lib/gcc/arm-none-eabi/13.3.1/../../../../arm-none-eabi/lib/thumb/v7e-m+fp/hard/libc_nano.a(libc_a-findfp.o)
                0x0800b1b0                __sinit
 .text._fwalk_sglue
                0x0800b1e0       0x3c /opt/st/stm32cubeide_1.19.0_3/plugins/com.st.stm32cube.ide.mcu.externaltools.gnu-tools-for-stm32.13.3.rel1.linux64_1.0.0.202410170706/tools/bin/../lib/gcc/arm-none-eabi/13.3.1/../../../../arm-none-eabi/lib/thumb/v7e-m+fp/hard/libc_nano.a(libc_a-fwalk.o)
                0x0800b1e0                _fwalk_sglue
 .text.snprintf
                0x0800b21c       0x6c /opt/st/stm32cubeide_1.19.0_3/plugins/com.st.stm32cube.ide.mcu.externaltools.gnu-tools-for-stm32.13.3.rel1.linux64_1.0.0.202410170706/tools/bin/../lib/gcc/arm-none-eabi/13.3.1/../../../../arm-none-eabi/lib/thumb/v7e-m+fp/hard/libc_nano.a(libc_a-snprintf.o)
                0x0800b21c                snprintf
                0x0800b21c                sniprintf
 .text.__sread  0x0800b288       0x22 /opt/st/stm32cubeide_1.19.0_3/plugins/com.st.stm32cube.ide.mcu.externaltools.gnu-tools-for-stm32.13.3.rel1.linux64_1.0.0.202410170706/tools/bin/../lib/gcc/arm-none-eabi/13.3.1/../../../../arm-none-eabi/lib/thumb/v7e-m+fp/hard/libc_nano.a(libc_a-stdio.o)
                0x0800b288                __sread
 .text.__swrite
                0x0800b2aa       0x38 /opt/st/stm32cubeide_1.19.0_3/plugins/com.st.stm32cube.ide.mcu.externaltools.gnu-tools-for-stm32.13.3.rel1.linux64_1.0.0.202410170706/tools/bin/../lib/gcc/arm-none-eabi/13.3.1/../../../../arm-none-eabi/lib/thumb/v7e-m+fp/hard/libc_nano.a(libc_a-stdio.o)
                0x0800b2aa                __swrite
 .text.__sseek  0x0800b2e2       0x24 /opt/st/stm32cubeide_1.19.0_3/plugins/com.st.stm32cube.ide.mcu.externaltools.gnu-tools-for-stm32.13.3.rel1.linux64_1.0.0.202410170706/tools/bin/../lib/gcc/arm-none-eabi/13.3.1/../../../../arm-none-eabi/lib/thumb/v7e-m+fp/hard/libc_nano.a(libc_a-stdio.o)
                0x0800b2e2                __sseek
 .text.__sclose
                0x0800b306        0x8 /opt/st/stm32cubeide_1.19.0_3/plugins/com.st.stm32cube.ide.mcu.externaltools.gnu-tools-for-stm32.13.3.rel1.linux64_1.0.0.202410170706/tools/bin/../lib/gcc/arm-none-eabi/13.3.1/../../../../arm-none-eabi/lib/thumb/v7e-m+fp/hard/libc_nano.a(libc_a-stdio.o)
                0x0800b306                __sclose
 .text.memset   0x0800b30e       0x10 /opt/st/stm32cubeide_1.19.0_3/plugins/com.st.stm32cube.ide.mcu.externaltools.gnu-tools-for-stm32.13.3.rel1.linux64_1.0.0.202410170706/tools/bin/../lib/gcc/arm-none-eabi/13.3.1/../../../../arm-none-eabi/lib/thumb/v7e-m+fp/hard/libc_nano.a(libc_a-memset.o)
                0x0800b30e                memset
 *fill*         0x0800b31e        0x2 
 .text._close_r
                0x0800b320       0x20 /opt/st/stm32cubeide_1.19.0_3/plugins/com.st.stm32cube.ide.mcu.externaltools.gnu-tools-for-stm32.13.3.rel1.linux64_1.0.0.202410170706/tools/bin/../lib/gcc/arm-none-eabi/13.3.1/../../../../arm-none-eabi/lib/thumb/v7e-m+fp/hard/libc_nano.a(libc_a-closer.o)
                0x0800b320                _close_r
 .text._lseek_r
                0x0800b340       0x24 /opt/st/stm32cubeide_1.19.0_3/plugins/com.st.stm32cube.ide.mcu.externaltools.gnu-tools-for-stm32.13.3.rel1.linux64_1.0.0.202410170706/tools/bin/../lib/gcc/arm-none-eabi/13.3.1/../../../../arm-none-eabi/lib/thumb/v7e-m+fp/hard/libc_nano.a(libc_a-lseekr.o)
                0x0800b340                _lseek_r
 .text._read_r  0x0800b364       0x24 /opt/st/stm32cubeide_1.19.0_3/plugins/com.st.stm32cube.ide.mcu.externaltools.gnu-tools-for-stm32.13.3.rel1.linux64_1.0.0.202410170706/tools/bin/../lib/gcc/arm-none-eabi/13.3.1/../../../../arm-none-eabi/lib/thumb/v7e-m+fp/hard/libc_nano.a(libc_a-readr.o)
                0x0800b364                _read_r
 .text._write_r
                0x0800b388       0x24 /opt/st/stm32cubeide_1.19.0_3/plugins/com.st.stm32cube.ide.mcu.externaltools.gnu-tools-for-stm32.13.3.rel1.linux64_1.0.0.202410170706/tools/bin/../lib/gcc/arm-none-eabi/13.3.1/../../../../arm-none-eabi/lib/thumb/v7e-m+fp/hard/libc_nano.a(libc_a-writer.o)
                0x0800b388                _write_r
 .text.__errno  0x0800b3ac        0xc /opt/st/stm32cubeide_1.19.0_3/plugins/com.st.stm32cube.ide.mcu.externaltools.gnu-tools-for-stm32.13.3.rel1.linux64_1.0.0.202410170706/tools/bin/../lib/gcc/arm-none-eabi/13.3.1/../../../../arm-none-eabi/lib/thumb/v7e-m+fp/hard/libc_nano.a(libc_a-errno.o)
                0x0800b3ac                __errno
 .text.__libc_init_array
                0x0800b3b8       0x48 /opt/st/stm32cubeide_1.19.0_3/plugins/com.st.stm32cube.ide.mcu.externaltools.gnu-tools-for-stm32.13.3.rel1.linux64_1.0.0.202410170706/tools/bin/../lib/gcc/arm-none-eabi/13.3.1/../../../../arm-none-eabi/lib/thumb/v7e-m+fp/hard/libc_nano.a(libc_a-init.o)
                0x0800b3b8                __libc_init_array
 .text.__retarget_lock_init_recursive
                0x0800b400        0x2 /opt/st/stm32cubeide_1.19.0_3/plugins/com.st.stm32cube.ide.mcu.externaltools.gnu-tools-for-stm32.13.3.rel1.linux64_1.0.0.202410170706/tools/bin/../lib/gcc/arm-none-eabi/13.3.1/../../../../arm-none-eabi/lib/thumb/v7e-m+fp/hard/libc_nano.a(libc_a-lock.o)
                0x0800b400                __retarget_lock_init_recursive
 .text.__retarget_lock_acquire_recursive
                0x0800b402        0x2 /opt/st/stm32cubeide_1.19.0_3/plugins/com.st.stm32cube.ide.mcu.externaltools.gnu-tools-for-stm32.13.3.rel1.linux64_1.0.0.202410170706/tools/bin/../lib/gcc/arm-none-eabi/13.3.1/../../../../arm-none-eabi/lib/thumb/v7e-m+fp/hard/libc_nano.a(libc_a-lock.o)
                0x0800b402                __retarget_lock_acquire_recursive
 .text.__retarget_lock_release_recursive
                0x0800b404        0x2 /opt/st/stm32cubeide_1.19.0_3/plugins/com.st.stm32cube.ide.mcu.externaltools.gnu-tools-for-stm32.13.3.rel1.linux64_1.0.0.202410170706/tools/bin/../lib/gcc/arm-none-eabi/13.3.1/../../../../arm-none-eabi/lib/thumb/v7e-m+fp/hard/libc_nano.a(libc_a-lock.o)
                0x0800b404                __retarget_lock_release_recursive
 *fill*         0x0800b406        0x2 
 .text.__assert_func
                0x0800b408       0x3c /opt/st/stm32cubeide_1.19.0_3/plugins/com.st.stm32cube.ide.mcu.externaltools.gnu-tools-for-stm32.13.3.rel1.linux64_1.0.0.202410170706/tools/bin/../lib/gcc/arm-none-eabi/13.3.1/../../../../arm-none-eabi/lib/thumb/v7e-m+fp/hard/libc_nano.a(libc_a-assert.o)
                0x0800b408                __assert_func
 .text._free_r  0x0800b444       0x94 /opt/st/stm32cubeide_1.19.0_3/plugins/com.st.stm32cube.ide.mcu.externaltools.gnu-tools-for-stm32.13.3.rel1.linux64_1.0.0.202410170706/tools/bin/../lib/gcc/arm-none-eabi/13.3.1/../../../../arm-none-eabi/lib/thumb/v7e-m+fp/hard/libc_nano.a(libc_a-freer.o)
                0x0800b444                _free_r
 .text.malloc   0x0800b4d8       0x10 /opt/st/stm32cubeide_1.19.0_3/plugins/com.st.stm32cube.ide.mcu.externaltools.gnu-tools-for-stm32.13.3.rel1.linux64_1.0.0.202410170706/tools/bin/../lib/gcc/arm-none-eabi/13.3.1/../../../../arm-none-eabi/lib/thumb/v7e-m+fp/hard/libc_nano.a(libc_a-malloc.o)
                0x0800b4d8                malloc
 .text.sbrk_aligned
                0x0800b4e8       0x44 /opt/st/stm32cubeide_1.19.0_3/plugins/com.st.stm32cube.ide.mcu.externaltools.gnu-tools-for-stm32.13.3.rel1.linux64_1.0.0.202410170706/tools/bin/../lib/gcc/arm-none-eabi/13.3.1/../../../../arm-none-eabi/lib/thumb/v7e-m+fp/hard/libc_nano.a(libc_a-mallocr.o)
 .text._malloc_r
                0x0800b52c      0x100 /opt/st/stm32cubeide_1.19.0_3/plugins/com.st.stm32cube.ide.mcu.externaltools.gnu-tools-for-stm32.13.3.rel1.linux64_1.0.0.202410170706/tools/bin/../lib/gcc/arm-none-eabi/13.3.1/../../../../arm-none-eabi/lib/thumb/v7e-m+fp/hard/libc_nano.a(libc_a-mallocr.o)
                0x0800b52c                _malloc_r
 .text.__malloc_lock
                0x0800b62c        0xc /opt/st/stm32cubeide_1.19.0_3/plugins/com.st.stm32cube.ide.mcu.externaltools.gnu-tools-for-stm32.13.3.rel1.linux64_1.0.0.202410170706/tools/bin/../lib/gcc/arm-none-eabi/13.3.1/../../../../arm-none-eabi/lib/thumb/v7e-m+fp/hard/libc_nano.a(libc_a-mlock.o)
                0x0800b62c                __malloc_lock
 .text.__malloc_unlock
                0x0800b638        0xc /opt/st/stm32cubeide_1.19.0_3/plugins/com.st.stm32cube.ide.mcu.externaltools.gnu-tools-for-stm32.13.3.rel1.linux64_1.0.0.202410170706/tools/bin/../lib/gcc/arm-none-eabi/13.3.1/../../../../arm-none-eabi/lib/thumb/v7e-m+fp/hard/libc_nano.a(libc_a-mlock.o)
                0x0800b638                __malloc_unlock
 .text.__ssputs_r
                0x0800b644       0xb6 /opt/st/stm32cubeide_1.19.0_3/plugins/com.st.stm32cube.ide.mcu.externaltools.gnu-tools-for-stm32.13.3.rel1.linux64_1.0.0.202410170706/tools/bin/../lib/gcc/arm-none-eabi/13.3.1/../../../../arm-none-eabi/lib/thumb/v7e-m+fp/hard/libc_nano.a(libc_a-nano-svfprintf.o)
                0x0800b644                __ssputs_r
 *fill*         0x0800b6fa        0x2 
 .text._svfprintf_r
                0x0800b6fc      0x1f8 /opt/st/stm32cubeide_1.19.0_3/plugins/com.st.stm32cube.ide.mcu.externaltools.gnu-tools-for-stm32.13.3.rel1.linux64_1.0.0.202410170706/tools/bin/../lib/gcc/arm-none-eabi/13.3.1/../../../../arm-none-eabi/lib/thumb/v7e-m+fp/hard/libc_nano.a(libc_a-nano-svfprintf.o)
                0x0800b6fc                _svfprintf_r
                0x0800b6fc                _svfiprintf_r
 .text._printf_common
                0x0800b8f4       0xda /opt/st/stm32cubeide_1.19.0_3/plugins/com.st.stm32cube.ide.mcu.externaltools.gnu-tools-for-stm32.13.3.rel1.linux64_1.0.0.202410170706/tools/bin/../lib/gcc/arm-none-eabi/13.3.1/../../../../arm-none-eabi/lib/thumb/v7e-m+fp/hard/libc_nano.a(libc_a-nano-vfprintf_i.o)
                0x0800b8f4                _printf_common
 *fill*         0x0800b9ce        0x2 
 .text._printf_i
                0x0800b9d0      0x23c /opt/st/stm32cubeide_1.19.0_3/plugins/com.st.stm32cube.ide.mcu.externaltools.gnu-tools-for-stm32.13.3.rel1.linux64_1.0.0.202410170706/tools/bin/../lib/gcc/arm-none-eabi/13.3.1/../../../../arm-none-eabi/lib/thumb/v7e-m+fp/hard/libc_nano.a(libc_a-nano-vfprintf_i.o)
                0x0800b9d0                _printf_i
 .text.__sflush_r
                0x0800bc0c      0x108 /opt/st/stm32cubeide_1.19.0_3/plugins/com.st.stm32cube.ide.mcu.externaltools.gnu-tools-for-stm32.13.3.rel1.linux64_1.0.0.202410170706/tools/bin/../lib/gcc/arm-none-eabi/13.3.1/../../../../arm-none-eabi/lib/thumb/v7e-m+fp/hard/libc_nano.a(libc_a-fflush.o)
                0x0800bc0c                __sflush_r
 .text._fflush_r
                0x0800bd14       0x50 /opt/st/stm32cubeide_1.19.0_3/plugins/com.st.stm32cube.ide.mcu.externaltools.gnu-tools-for-stm32.13.3.rel1.linux64_1.0.0.202410170706/tools/bin/../lib/gcc/arm-none-eabi/13.3.1/../../../../arm-none-eabi/lib/thumb/v7e-m+fp/hard/libc_nano.a(libc_a-fflush.o)
                0x0800bd14                _fflush_r
 .text.fprintf  0x0800bd64       0x24 /opt/st/stm32cubeide_1.19.0_3/plugins/com.st.stm32cube.ide.mcu.externaltools.gnu-tools-for-stm32.13.3.rel1.linux64_1.0.0.202410170706/tools/bin/../lib/gcc/arm-none-eabi/13.3.1/../../../../arm-none-eabi/lib/thumb/v7e-m+fp/hard/libc_nano.a(libc_a-fprintf.o)
                0x0800bd64                fprintf
                0x0800bd64                fiprintf
 .text.memmove  0x0800bd88       0x34 /opt/st/stm32cubeide_1.19.0_3/plugins/com.st.stm32cube.ide.mcu.externaltools.gnu-tools-for-stm32.13.3.rel1.linux64_1.0.0.202410170706/tools/bin/../lib/gcc/arm-none-eabi/13.3.1/../../../../arm-none-eabi/lib/thumb/v7e-m+fp/hard/libc_nano.a(libc_a-memmove.o)
                0x0800bd88                memmove
 .text._sbrk_r  0x0800bdbc       0x20 /opt/st/stm32cubeide_1.19.0_3/plugins/com.st.stm32cube.ide.mcu.externaltools.gnu-tools-for-stm32.13.3.rel1.linux64_1.0.0.202410170706/tools/bin/../lib/gcc/arm-none-eabi/13.3.1/../../../../arm-none-eabi/lib/thumb/v7e-m+fp/hard/libc_nano.a(libc_a-sbrkr.o)
                0x0800bdbc                _sbrk_r
 .text.memcpy   0x0800bddc       0x1c /opt/st/stm32cubeide_1.19.0_3/plugins/com.st.stm32cube.ide.mcu.externaltools.gnu-tools-for-stm32.13.3.rel1.linux64_1.0.0.202410170706/tools/bin/../lib/gcc/arm-none-eabi/13.3.1/../../../../arm-none-eabi/lib/thumb/v7e-m+fp/hard/libc_nano.a(libc_a-memcpy-stub.o)
                0x0800bddc                memcpy
 .text.abort    0x0800bdf8        0xe /opt/st/stm32cubeide_1.19.0_3/plugins/com.st.stm32cube.ide.mcu.externaltools.gnu-tools-for-stm32.13.3.rel1.linux64_1.0.0.202410170706/tools/bin/../lib/gcc/arm-none-eabi/13.3.1/../../../../arm-none-eabi/lib/thumb/v7e-m+fp/hard/libc_nano.a(libc_a-abort.o)
                0x0800bdf8                abort
 .text._realloc_r
                0x0800be06       0x5c /opt/st/stm32cubeide_1.19.0_3/plugins/com.st.stm32cube.ide.mcu.externaltools.gnu-tools-for-stm32.13.3.rel1.linux64_1.0.0.202410170706/tools/bin/../lib/gcc/arm-none-eabi/13.3.1/../../../../arm-none-eabi/lib/thumb/v7e-m+fp/hard/libc_nano.a(libc_a-reallocr.o)
                0x0800be06                _realloc_r
 .text.__sfputc_r
                0x0800be62       0x2e /opt/st/stm32cubeide_1.19.0_3/plugins/com.st.stm32cube.ide.mcu.externaltools.gnu-tools-for-stm32.13.3.rel1.linux64_1.0.0.202410170706/tools/bin/../lib/gcc/arm-none-eabi/13.3.1/../../../../arm-none-eabi/lib/thumb/v7e-m+fp/hard/libc_nano.a(libc_a-nano-vfprintf.o)
 .text.__sfputs_r
                0x0800be90       0x24 /opt/st/stm32cubeide_1.19.0_3/plugins/com.st.stm32cube.ide.mcu.externaltools.gnu-tools-for-stm32.13.3.rel1.linux64_1.0.0.202410170706/tools/bin/../lib/gcc/arm-none-eabi/13.3.1/../../../../arm-none-eabi/lib/thumb/v7e-m+fp/hard/libc_nano.a(libc_a-nano-vfprintf.o)
                0x0800be90                __sfputs_r
 .text._vfprintf_r
                0x0800beb4      0x230 /opt/st/stm32cubeide_1.19.0_3/plugins/com.st.stm32cube.ide.mcu.externaltools.gnu-tools-for-stm32.13.3.rel1.linux64_1.0.0.202410170706/tools/bin/../lib/gcc/arm-none-eabi/13.3.1/../../../../arm-none-eabi/lib/thumb/v7e-m+fp/hard/libc_nano.a(libc_a-nano-vfprintf.o)
                0x0800beb4                _vfiprintf_r
                0x0800beb4                _vfprintf_r
 .text.__swbuf_r
                0x0800c0e4       0x7c /opt/st/stm32cubeide_1.19.0_3/plugins/com.st.stm32cube.ide.mcu.externaltools.gnu-tools-for-stm32.13.3.rel1.linux64_1.0.0.202410170706/tools/bin/../lib/gcc/arm-none-eabi/13.3.1/../../../../arm-none-eabi/lib/thumb/v7e-m+fp/hard/libc_nano.a(libc_a-wbuf.o)
                0x0800c0e4                __swbuf_r
 .text.__swsetup_r
                0x0800c160       0xac /opt/st/stm32cubeide_1.19.0_3/plugins/com.st.stm32cube.ide.mcu.externaltools.gnu-tools-for-stm32.13.3.rel1.linux64_1.0.0.202410170706/tools/bin/../lib/gcc/arm-none-eabi/13.3.1/../../../../arm-none-eabi/lib/thumb/v7e-m+fp/hard/libc_nano.a(libc_a-wsetup.o)
                0x0800c160                __swsetup_r
 .text._raise_r
                0x0800c20c       0x50 /opt/st/stm32cubeide_1.19.0_3/plugins/com.st.stm32cube.ide.mcu.externaltools.gnu-tools-for-stm32.13.3.rel1.linux64_1.0.0.202410170706/tools/bin/../lib/gcc/arm-none-eabi/13.3.1/../../../../arm-none-eabi/lib/thumb/v7e-m+fp/hard/libc_nano.a(libc_a-signal.o)
                0x0800c20c                _raise_r
 .text.raise    0x0800c25c       0x10 /opt/st/stm32cubeide_1.19.0_3/plugins/com.st.stm32cube.ide.mcu.externaltools.gnu-tools-for-stm32.13.3.rel1.linux64_1.0.0.202410170706/tools/bin/../lib/gcc/arm-none-eabi/13.3.1/../../../../arm-none-eabi/lib/thumb/v7e-m+fp/hard/libc_nano.a(libc_a-signal.o)
                0x0800c25c                raise
 .text._kill_r  0x0800c26c       0x24 /opt/st/stm32cubeide_1.19.0_3/plugins/com.st.stm32cube.ide.mcu.externaltools.gnu-tools-for-stm32.13.3.rel1.linux64_1.0.0.202410170706/tools/bin/../lib/gcc/arm-none-eabi/13.3.1/../../../../arm-none-eabi/lib/thumb/v7e-m+fp/hard/libc_nano.a(libc_a-signalr.o)
                0x0800c26c                _kill_r
 .text._getpid_r
                0x0800c290        0x4 /opt/st/stm32cubeide_1.19.0_3/plugins/com.st.stm32cube.ide.mcu.externaltools.gnu-tools-for-stm32.13.3.rel1.linux64_1.0.0.202410170706/tools/bin/../lib/gcc/arm-none-eabi/13.3.1/../../../../arm-none-eabi/lib/thumb/v7e-m+fp/hard/libc_nano.a(libc_a-signalr.o)
                0x0800c290                _getpid_r
 .text._malloc_usable_size_r
                0x0800c294       0x10 /opt/st/stm32cubeide_1.19.0_3/plugins/com.st.stm32cube.ide.mcu.externaltools.gnu-tools-for-stm32.13.3.rel1.linux64_1.0.0.202410170706/tools/bin/../lib/gcc/arm-none-eabi/13.3.1/../../../../arm-none-eabi/lib/thumb/v7e-m+fp/hard/libc_nano.a(libc_a-msizer.o)
                0x0800c294                _malloc_usable_size_r
 .text.__swhatbuf_r
                0x0800c2a4       0x4c /opt/st/stm32cubeide_1.19.0_3/plugins/com.st.stm32cube.ide.mcu.externaltools.gnu-tools-for-stm32.13.3.rel1.linux64_1.0.0.202410170706/tools/bin/../lib/gcc/arm-none-eabi/13.3.1/../../../../arm-none-eabi/lib/thumb/v7e-m+fp/hard/libc_nano.a(libc_a-makebuf.o)
                0x0800c2a4                __swhatbuf_r
 .text.__smakebuf_r
                0x0800c2f0       0x78 /opt/st/stm32cubeide_1.19.0_3/plugins/com.st.stm32cube.ide.mcu.externaltools.gnu-tools-for-stm32.13.3.rel1.linux64_1.0.0.202410170706/tools/bin/../lib/gcc/arm-none-eabi/13.3.1/../../../../arm-none-eabi/lib/thumb/v7e-m+fp/hard/libc_nano.a(libc_a-makebuf.o)
                0x0800c2f0                __smakebuf_r
 .text._fstat_r
                0x0800c368       0x24 /opt/st/stm32cubeide_1.19.0_3/plugins/com.st.stm32cube.ide.mcu.externaltools.gnu-tools-for-stm32.13.3.rel1.linux64_1.0.0.202410170706/tools/bin/../lib/gcc/arm-none-eabi/13.3.1/../../../../arm-none-eabi/lib/thumb/v7e-m+fp/hard/libc_nano.a(libc_a-fstatr.o)
                0x0800c368                _fstat_r
 .text._isatty_r
                0x0800c38c       0x20 /opt/st/stm32cubeide_1.19.0_3/plugins/com.st.stm32cube.ide.mcu.externaltools.gnu-tools-for-stm32.13.3.rel1.linux64_1.0.0.202410170706/tools/bin/../lib/gcc/arm-none-eabi/13.3.1/../../../../arm-none-eabi/lib/thumb/v7e-m+fp/hard/libc_nano.a(libc_a-isattyr.o)
                0x0800c38c                _isatty_r
 *(.glue_7)
 .glue_7        0x0800c3ac        0x0 linker stubs
 *(.glue_7t)
 .glue_7t       0x0800c3ac        0x0 linker stubs
 *(.eh_frame)
 .eh_frame      0x0800c3ac        0x0 /opt/st/stm32cubeide_1.19.0_3/plugins/com.st.stm32cube.ide.mcu.externaltools.gnu-tools-for-stm32.13.3.rel1.linux64_1.0.0.202410170706/tools/bin/../lib/gcc/arm-none-eabi/13.3.1/thumb/v7e-m+fp/hard/crtbegin.o
 *(.init)
 .init          0x0800c3ac        0x4 /opt/st/stm32cubeide_1.19.0_3/plugins/com.st.stm32cube.ide.mcu.externaltools.gnu-tools-for-stm32.13.3.rel1.linux64_1.0.0.202410170706/tools/bin/../lib/gcc/arm-none-eabi/13.3.1/thumb/v7e-m+fp/hard/crti.o
                0x0800c3ac                _init
 .init          0x0800c3b0        0x8 /opt/st/stm32cubeide_1.19.0_3/plugins/com.st.stm32cube.ide.mcu.externaltools.gnu-tools-for-stm32.13.3.rel1.linux64_1.0.0.202410170706/tools/bin/../lib/gcc/arm-none-eabi/13.3.1/thumb/v7e-m+fp/hard/crtn.o
 *(.fini)
 .fini          0x0800c3b8        0x4 /opt/st/stm32cubeide_1.19.0_3/plugins/com.st.stm32cube.ide.mcu.externaltools.gnu-tools-for-stm32.13.3.rel1.linux64_1.0.0.202410170706/tools/bin/../lib/gcc/arm-none-eabi/13.3.1/thumb/v7e-m+fp/hard/crti.o
                0x0800c3b8                _fini
 .fini          0x0800c3bc        0x8 /opt/st/stm32cubeide_1.19.0_3/plugins/com.st.stm32cube.ide.mcu.externaltools.gnu-tools-for-stm32.13.3.rel1.linux64_1.0.0.202410170706/tools/bin/../lib/gcc/arm-none-eabi/13.3.1/thumb/v7e-m+fp/hard/crtn.o
                0x0800c3c4                        . = ALIGN (0x4)
                0x0800c3c4                        _etext = .

.vfp11_veneer   0x0800c3c4        0x0
 .vfp11_veneer  0x0800c3c4        0x0 linker stubs

.v4_bx          0x0800c3c4        0x0
 .v4_bx         0x0800c3c4        0x0 linker stubs

.iplt           0x0800c3c4        0x0
 .iplt          0x0800c3c4        0x0 /opt/st/stm32cubeide_1.19.0_3/plugins/com.st.stm32cube.ide.mcu.externaltools.gnu-tools-for-stm32.13.3.rel1.linux64_1.0.0.202410170706/tools/bin/../lib/gcc/arm-none-eabi/13.3.1/thumb/v7e-m+fp/hard/crtbegin.o

.rodata         0x0800c3c4      0x3a0
                0x0800c3c4                        . = ALIGN (0x4)
 *(.rodata)
 .rodata        0x0800c3c4      0x260 ./Core/Src/main.o
 .rodata        0x0800c624       0x46 ./USB_DEVICE/App/usbd_desc.o
 *(.rodata*)
 *fill*         0x0800c66a        0x2 
 .rodata.AHBPrescTable
                0x0800c66c       0x10 ./Core/Src/system_stm32f4xx.o
                0x0800c66c                AHBPrescTable
 .rodata.APBPrescTable
                0x0800c67c        0x8 ./Core/Src/system_stm32f4xx.o
                0x0800c67c                APBPrescTable
 .rodata.srand.str1.1
                0x0800c684       0xde /opt/st/stm32cubeide_1.19.0_3/plugins/com.st.stm32cube.ide.mcu.externaltools.gnu-tools-for-stm32.13.3.rel1.linux64_1.0.0.202410170706/tools/bin/../lib/gcc/arm-none-eabi/13.3.1/../../../../arm-none-eabi/lib/thumb/v7e-m+fp/hard/libc_nano.a(libc_a-rand.o)
                                 0x6f (size before relaxing)
 .rodata.__assert_func.str1.1
                0x0800c762       0x3d /opt/st/stm32cubeide_1.19.0_3/plugins/com.st.stm32cube.ide.mcu.externaltools.gnu-tools-for-stm32.13.3.rel1.linux64_1.0.0.202410170706/tools/bin/../lib/gcc/arm-none-eabi/13.3.1/../../../../arm-none-eabi/lib/thumb/v7e-m+fp/hard/libc_nano.a(libc_a-assert.o)
 .rodata._svfprintf_r.str1.1
                0x0800c762       0x11 /opt/st/stm32cubeide_1.19.0_3/plugins/com.st.stm32cube.ide.mcu.externaltools.gnu-tools-for-stm32.13.3.rel1.linux64_1.0.0.202410170706/tools/bin/../lib/gcc/arm-none-eabi/13.3.1/../../../../arm-none-eabi/lib/thumb/v7e-m+fp/hard/libc_nano.a(libc_a-nano-svfprintf.o)
 .rodata._printf_i.str1.1
                0x0800c762       0x22 /opt/st/stm32cubeide_1.19.0_3/plugins/com.st.stm32cube.ide.mcu.externaltools.gnu-tools-for-stm32.13.3.rel1.linux64_1.0.0.202410170706/tools/bin/../lib/gcc/arm-none-eabi/13.3.1/../../../../arm-none-eabi/lib/thumb/v7e-m+fp/hard/libc_nano.a(libc_a-nano-vfprintf_i.o)
 .rodata._vfprintf_r.str1.1
                0x0800c762       0x11 /opt/st/stm32cubeide_1.19.0_3/plugins/com.st.stm32cube.ide.mcu.externaltools.gnu-tools-for-stm32.13.3.rel1.linux64_1.0.0.202410170706/tools/bin/../lib/gcc/arm-none-eabi/13.3.1/../../../../arm-none-eabi/lib/thumb/v7e-m+fp/hard/libc_nano.a(libc_a-nano-vfprintf.o)
                0x0800c7a0                        . = ALIGN (0x4)
 *fill*         0x0800c762        0x2 

.ARM.extab      0x0800c764        0x0
                0x0800c764                        . = ALIGN (0x4)
 *(.ARM.extab* .gnu.linkonce.armextab.*)
                0x0800c764                        . = ALIGN (0x4)

.ARM            0x0800c764        0x8
                0x0800c764                        . = ALIGN (0x4)
                0x0800c764                        __exidx_start = .
 *(.ARM.exidx*)
 .ARM.exidx     0x0800c764        0x8 /opt/st/stm32cubeide_1.19.0_3/plugins/com.st.stm32cube.ide.mcu.externaltools.gnu-tools-for-stm32.13.3.rel1.linux64_1.0.0.202410170706/tools/bin/../lib/gcc/arm-none-eabi/13.3.1/../../../../arm-none-eabi/lib/thumb/v7e-m+fp/hard/libc_nano.a(libc_a-strcmp.o)
 .ARM.exidx     0x0800c76c        0x0 /opt/st/stm32cubeide_1.19.0_3/plugins/com.st.stm32cube.ide.mcu.externaltools.gnu-tools-for-stm32.13.3.rel1.linux64_1.0.0.202410170706/tools/bin/../lib/gcc/arm-none-eabi/13.3.1/../../../../arm-none-eabi/lib/thumb/v7e-m+fp/hard/libc_nano.a(libc_a-strlen.o)
                                  0x8 (size before relaxing)
 .ARM.exidx     0x0800c76c        0x0 /opt/st/stm32cubeide_1.19.0_3/plugins/com.st.stm32cube.ide.mcu.externaltools.gnu-tools-for-stm32.13.3.rel1.linux64_1.0.0.202410170706/tools/bin/../lib/gcc/arm-none-eabi/13.3.1/../../../../arm-none-eabi/lib/thumb/v7e-m+fp/hard/libc_nano.a(libc_a-memchr.o)
                                  0x8 (size before relaxing)
 .ARM.exidx     0x0800c76c        0x0 /opt/st/stm32cubeide_1.19.0_3/plugins/com.st.stm32cube.ide.mcu.externaltools.gnu-tools-for-stm32.13.3.rel1.linux64_1.0.0.202410170706/tools/bin/../lib/gcc/arm-none-eabi/13.3.1/thumb/v7e-m+fp/hard/libgcc.a(_udivmoddi4.o)
                                  0x8 (size before relaxing)
                0x0800c76c                        __exidx_end = .
                0x0800c76c                        . = ALIGN (0x4)

.preinit_array  0x0800c76c        0x0
                0x0800c76c                        . = ALIGN (0x4)
                0x0800c76c                        PROVIDE (__preinit_array_start = .)
 *(.preinit_array*)
                0x0800c76c                        PROVIDE (__preinit_array_end = .)
                0x0800c76c                        . = ALIGN (0x4)

.init_array     0x0800c76c        0x4
                0x0800c76c                        . = ALIGN (0x4)
                0x0800c76c                        PROVIDE (__init_array_start = .)
 *(SORT_BY_NAME(.init_array.*))
 *(.init_array*)
 .init_array    0x0800c76c        0x4 /opt/st/stm32cubeide_1.19.0_3/plugins/com.st.stm32cube.ide.mcu.externaltools.gnu-tools-for-stm32.13.3.rel1.linux64_1.0.0.202410170706/tools/bin/../lib/gcc/arm-none-eabi/13.3.1/thumb/v7e-m+fp/hard/crtbegin.o
                0x0800c770                        PROVIDE (__init_array_end = .)
                0x0800c770                        . = ALIGN (0x4)

.fini_array     0x0800c770        0x4
                0x0800c770                        . = ALIGN (0x4)
                [!provide]                        PROVIDE (__fini_array_start = .)
 *(SORT_BY_NAME(.fini_array.*))
 *(.fini_array*)
 .fini_array    0x0800c770        0x4 /opt/st/stm32cubeide_1.19.0_3/plugins/com.st.stm32cube.ide.mcu.externaltools.gnu-tools-for-stm32.13.3.rel1.linux64_1.0.0.202410170706/tools/bin/../lib/gcc/arm-none-eabi/13.3.1/thumb/v7e-m+fp/hard/crtbegin.o
                [!provide]                        PROVIDE (__fini_array_end = .)
                0x0800c774                        . = ALIGN (0x4)
                0x0800c774                        _sidata = LOADADDR (.data)

.rel.dyn        0x0800c774        0x0
 .rel.iplt      0x0800c774        0x0 /opt/st/stm32cubeide_1.19.0_3/plugins/com.st.stm32cube.ide.mcu.externaltools.gnu-tools-for-stm32.13.3.rel1.linux64_1.0.0.202410170706/tools/bin/../lib/gcc/arm-none-eabi/13.3.1/thumb/v7e-m+fp/hard/crtbegin.o

.data           0x20000000      0x15c load address 0x0800c774
                0x20000000                        . = ALIGN (0x4)
                0x20000000                        _sdata = .
 *(.data)
 *(.data*)
 .data.bno_i2c_addr
                0x20000000        0x1 ./Core/Src/main.o
                0x20000000                bno_i2c_addr
 .data.depth_increasing.0
                0x20000001        0x1 ./Core/Src/main.o
 *fill*         0x20000002        0x2 
 .data.SystemCoreClock
                0x20000004        0x4 ./Core/Src/system_stm32f4xx.o
                0x20000004                SystemCoreClock
 .data.uwTickPrio
                0x20000008        0x4 ./Drivers/STM32F4xx_HAL_Driver/Src/stm32f4xx_hal.o
                0x20000008                uwTickPrio
 .data.uwTickFreq
                0x2000000c        0x1 ./Drivers/STM32F4xx_HAL_Driver/Src/stm32f4xx_hal.o
                0x2000000c                uwTickFreq
 *fill*         0x2000000d        0x3 
 .data.USBD_CDC_DeviceQualifierDesc
                0x20000010        0xa ./Middlewares/ST/STM32_USB_Device_Library/Class/CDC/Src/usbd_cdc.o
 *fill*         0x2000001a        0x2 
 .data.USBD_CDC
                0x2000001c       0x38 ./Middlewares/ST/STM32_USB_Device_Library/Class/CDC/Src/usbd_cdc.o
                0x2000001c                USBD_CDC
 .data.USBD_CDC_CfgDesc
                0x20000054       0x43 ./Middlewares/ST/STM32_USB_Device_Library/Class/CDC/Src/usbd_cdc.o
 .data.CDCInEpAdd
                0x20000097        0x1 ./Middlewares/ST/STM32_USB_Device_Library/Class/CDC/Src/usbd_cdc.o
 .data.CDCOutEpAdd
                0x20000098        0x1 ./Middlewares/ST/STM32_USB_Device_Library/Class/CDC/Src/usbd_cdc.o
 .data.CDCCmdEpAdd
                0x20000099        0x1 ./Middlewares/ST/STM32_USB_Device_Library/Class/CDC/Src/usbd_cdc.o
 *fill*         0x2000009a        0x2 
 .data.USBD_Interface_fops_FS
                0x2000009c       0x14 ./USB_DEVICE/App/usbd_cdc_if.o
                0x2000009c                USBD_Interface_fops_FS
 .data.FS_Desc  0x200000b0       0x1c ./USB_DEVICE/App/usbd_desc.o
                0x200000b0                FS_Desc
 .data.USBD_FS_DeviceDesc
                0x200000cc       0x12 ./USB_DEVICE/App/usbd_desc.o
                0x200000cc                USBD_FS_DeviceDesc
 *fill*         0x200000de        0x2 
 .data.USBD_LangIDDesc
                0x200000e0        0x4 ./USB_DEVICE/App/usbd_desc.o
                0x200000e0                USBD_LangIDDesc
 .data.USBD_StringSerial
                0x200000e4       0x1a ./USB_DEVICE/App/usbd_desc.o
                0x200000e4                USBD_StringSerial
 *fill*         0x200000fe        0x2 
 .data.__sglue  0x20000100        0xc /opt/st/stm32cubeide_1.19.0_3/plugins/com.st.stm32cube.ide.mcu.externaltools.gnu-tools-for-stm32.13.3.rel1.linux64_1.0.0.202410170706/tools/bin/../lib/gcc/arm-none-eabi/13.3.1/../../../../arm-none-eabi/lib/thumb/v7e-m+fp/hard/libc_nano.a(libc_a-findfp.o)
                0x20000100                __sglue
 .data._impure_ptr
                0x2000010c        0x4 /opt/st/stm32cubeide_1.19.0_3/plugins/com.st.stm32cube.ide.mcu.externaltools.gnu-tools-for-stm32.13.3.rel1.linux64_1.0.0.202410170706/tools/bin/../lib/gcc/arm-none-eabi/13.3.1/../../../../arm-none-eabi/lib/thumb/v7e-m+fp/hard/libc_nano.a(libc_a-impure.o)
                0x2000010c                _impure_ptr
 .data._impure_data
                0x20000110       0x4c /opt/st/stm32cubeide_1.19.0_3/plugins/com.st.stm32cube.ide.mcu.externaltools.gnu-tools-for-stm32.13.3.rel1.linux64_1.0.0.202410170706/tools/bin/../lib/gcc/arm-none-eabi/13.3.1/../../../../arm-none-eabi/lib/thumb/v7e-m+fp/hard/libc_nano.a(libc_a-impure.o)
                0x20000110                _impure_data
 *(.RamFunc)
 *(.RamFunc*)
                0x2000015c                        . = ALIGN (0x4)
                0x2000015c                        _edata = .
                0x0800c8d0                        _siccmram = LOADADDR (.ccmram)

.igot.plt       0x2000015c        0x0 load address 0x0800c8d0
 .igot.plt      0x2000015c        0x0 /opt/st/stm32cubeide_1.19.0_3/plugins/com.st.stm32cube.ide.mcu.externaltools.gnu-tools-for-stm32.13.3.rel1.linux64_1.0.0.202410170706/tools/bin/../lib/gcc/arm-none-eabi/13.3.1/thumb/v7e-m+fp/hard/crtbegin.o

.ccmram         0x10000000        0x0 load address 0x0800c8d0
                0x10000000                        . = ALIGN (0x4)
                0x10000000                        _sccmram = .
 *(.ccmram)
 *(.ccmram*)
                0x10000000                        . = ALIGN (0x4)
                0x10000000                        _eccmram = .
                0x10000000                        . = ALIGN (0x4)

.bss            0x2000015c     0x1f00
                0x2000015c                        _sbss = .
                0x2000015c                        __bss_start__ = _sbss
 *(.bss)
 .bss           0x2000015c       0x1c /opt/st/stm32cubeide_1.19.0_3/plugins/com.st.stm32cube.ide.mcu.externaltools.gnu-tools-for-stm32.13.3.rel1.linux64_1.0.0.202410170706/tools/bin/../lib/gcc/arm-none-eabi/13.3.1/thumb/v7e-m+fp/hard/crtbegin.o
 *(.bss*)
 .bss.hadc1     0x20000178       0x48 ./Core/Src/main.o
                0x20000178                hadc1
 .bss.hi2c1     0x200001c0       0x54 ./Core/Src/main.o
                0x200001c0                hi2c1
 .bss.htim2     0x20000214       0x48 ./Core/Src/main.o
                0x20000214                htim2
 .bss.huart2    0x2000025c       0x48 ./Core/Src/main.o
                0x2000025c                huart2
 .bss.g_glider_state
                0x200002a4       0x18 ./Core/Src/main.o
                0x200002a4                g_glider_state
 .bss.g_last_tx_time
                0x200002bc        0x4 ./Core/Src/main.o
                0x200002bc                g_last_tx_time
 .bss.bno_data  0x200002c0        0x6 ./Core/Src/main.o
                0x200002c0                bno_data
 .bss.raw_pitch
                0x200002c6        0x2 ./Core/Src/main.o
                0x200002c6                raw_pitch
 .bss.raw_roll  0x200002c8        0x2 ./Core/Src/main.o
                0x200002c8                raw_roll
 .bss.raw_yaw   0x200002ca        0x2 ./Core/Src/main.o
                0x200002ca                raw_yaw
 .bss.pitch     0x200002cc        0x4 ./Core/Src/main.o
                0x200002cc                pitch
 .bss.roll      0x200002d0        0x4 ./Core/Src/main.o
                0x200002d0                roll
 .bss.yaw       0x200002d4        0x4 ./Core/Src/main.o
                0x200002d4                yaw
 .bss.g_rx_data
                0x200002d8        0x1 ./Core/Src/main.o
                0x200002d8                g_rx_data
 *fill*         0x200002d9        0x3 
 .bss.g_rx_buffer
                0x200002dc       0x40 ./Core/Src/main.o
                0x200002dc                g_rx_buffer
 .bss.g_rx_index
                0x2000031c        0x2 ./Core/Src/main.o
                0x2000031c                g_rx_index
 *fill*         0x2000031e        0x2 
 .bss.err_count.1
                0x20000320        0x4 ./Core/Src/main.o
 .bss.__sbrk_heap_end
                0x20000324        0x4 ./Core/Src/sysmem.o
 .bss.uwTick    0x20000328        0x4 ./Drivers/STM32F4xx_HAL_Driver/Src/stm32f4xx_hal.o
                0x20000328                uwTick
 .bss.cfgidx.0  0x2000032c        0x1 ./Middlewares/ST/STM32_USB_Device_Library/Core/Src/usbd_ctlreq.o
 *fill*         0x2000032d        0x3 
 .bss.hUsbDeviceFS
                0x20000330      0x2dc ./USB_DEVICE/App/usb_device.o
                0x20000330                hUsbDeviceFS
 .bss.UserRxBufferFS
                0x2000060c      0x800 ./USB_DEVICE/App/usbd_cdc_if.o
                0x2000060c                UserRxBufferFS
 .bss.UserTxBufferFS
                0x20000e0c      0x800 ./USB_DEVICE/App/usbd_cdc_if.o
                0x20000e0c                UserTxBufferFS
 .bss.USBD_StrDesc
                0x2000160c      0x200 ./USB_DEVICE/App/usbd_desc.o
                0x2000160c                USBD_StrDesc
 .bss.hpcd_USB_OTG_FS
                0x2000180c      0x4e4 ./USB_DEVICE/Target/usbd_conf.o
                0x2000180c                hpcd_USB_OTG_FS
 .bss.mem.0     0x20001cf0      0x220 ./USB_DEVICE/Target/usbd_conf.o
 .bss.__sf      0x20001f10      0x138 /opt/st/stm32cubeide_1.19.0_3/plugins/com.st.stm32cube.ide.mcu.externaltools.gnu-tools-for-stm32.13.3.rel1.linux64_1.0.0.202410170706/tools/bin/../lib/gcc/arm-none-eabi/13.3.1/../../../../arm-none-eabi/lib/thumb/v7e-m+fp/hard/libc_nano.a(libc_a-findfp.o)
                0x20001f10                __sf
 .bss.__stdio_exit_handler
                0x20002048        0x4 /opt/st/stm32cubeide_1.19.0_3/plugins/com.st.stm32cube.ide.mcu.externaltools.gnu-tools-for-stm32.13.3.rel1.linux64_1.0.0.202410170706/tools/bin/../lib/gcc/arm-none-eabi/13.3.1/../../../../arm-none-eabi/lib/thumb/v7e-m+fp/hard/libc_nano.a(libc_a-findfp.o)
                0x20002048                __stdio_exit_handler
 .bss.errno     0x2000204c        0x4 /opt/st/stm32cubeide_1.19.0_3/plugins/com.st.stm32cube.ide.mcu.externaltools.gnu-tools-for-stm32.13.3.rel1.linux64_1.0.0.202410170706/tools/bin/../lib/gcc/arm-none-eabi/13.3.1/../../../../arm-none-eabi/lib/thumb/v7e-m+fp/hard/libc_nano.a(libc_a-reent.o)
                0x2000204c                errno
 .bss.__lock___malloc_recursive_mutex
                0x20002050        0x1 /opt/st/stm32cubeide_1.19.0_3/plugins/com.st.stm32cube.ide.mcu.externaltools.gnu-tools-for-stm32.13.3.rel1.linux64_1.0.0.202410170706/tools/bin/../lib/gcc/arm-none-eabi/13.3.1/../../../../arm-none-eabi/lib/thumb/v7e-m+fp/hard/libc_nano.a(libc_a-lock.o)
                0x20002050                __lock___malloc_recursive_mutex
 .bss.__lock___sfp_recursive_mutex